Component: ARM Compiler 5.05 update 1 (build 106) Tool: armlink [4d0efa]

==============================================================================

Section Cross References

    stm32f10x_it.o(i.SysTick_Handler) refers to tasks.o(i.xTaskGetSchedulerState) for xTaskGetSchedulerState
    stm32f10x_it.o(i.SysTick_Handler) refers to port.o(i.xPortSysTickHandler) for xPortSysTickHandler
    stm32f10x_it.o(i.TIM3_IRQHandler) refers to stm32f10x_tim.o(i.TIM_GetITStatus) for TIM_GetITStatus
    stm32f10x_it.o(i.TIM3_IRQHandler) refers to mqtt.o(i.MQTT_PingREQ) for MQTT_PingREQ
    stm32f10x_it.o(i.TIM3_IRQHandler) refers to timer3.o(i.TIM3_ENABLE_2S) for TIM3_ENABLE_2S
    stm32f10x_it.o(i.TIM3_IRQHandler) refers to event_groups.o(i.xEventGroupClearBitsFromISR) for xEventGroupClearBitsFromISR
    stm32f10x_it.o(i.TIM3_IRQHandler) refers to tasks.o(i.xTaskResumeFromISR) for xTaskResumeFromISR
    stm32f10x_it.o(i.TIM3_IRQHandler) refers to stm32f10x_tim.o(i.TIM_Cmd) for TIM_Cmd
    stm32f10x_it.o(i.TIM3_IRQHandler) refers to stm32f10x_tim.o(i.TIM_ClearITPendingBit) for TIM_ClearITPendingBit
    stm32f10x_it.o(i.TIM3_IRQHandler) refers to mqtt.o(.data) for pingFlag
    stm32f10x_it.o(i.TIM3_IRQHandler) refers to main.o(.constdata) for PING_MODE
    stm32f10x_it.o(i.TIM3_IRQHandler) refers to main.o(.data) for Event_Handle
    stm32f10x_it.o(i.TIM4_IRQHandler) refers to stm32f10x_tim.o(i.TIM_GetITStatus) for TIM_GetITStatus
    stm32f10x_it.o(i.TIM4_IRQHandler) refers to rt_memcpy_v6.o(.text) for __aeabi_memcpy
    stm32f10x_it.o(i.TIM4_IRQHandler) refers to stm32f10x_tim.o(i.TIM_SetCounter) for TIM_SetCounter
    stm32f10x_it.o(i.TIM4_IRQHandler) refers to stm32f10x_tim.o(i.TIM_Cmd) for TIM_Cmd
    stm32f10x_it.o(i.TIM4_IRQHandler) refers to stm32f10x_tim.o(i.TIM_ClearITPendingBit) for TIM_ClearITPendingBit
    stm32f10x_it.o(i.TIM4_IRQHandler) refers to usart2.o(.data) for Usart2_RxCounter
    stm32f10x_it.o(i.TIM4_IRQHandler) refers to usart2.o(.bss) for Usart2_RxBuff
    stm32f10x_it.o(i.TIM4_IRQHandler) refers to mqtt.o(.data) for MQTT_RxDataInPtr
    stm32f10x_it.o(i.TIM4_IRQHandler) refers to mqtt.o(.bss) for MQTT_RxDataBuf
    stm32f10x_it.o(i.USART2_IRQHandler) refers to stm32f10x_usart.o(i.USART_GetITStatus) for USART_GetITStatus
    stm32f10x_it.o(i.USART2_IRQHandler) refers to event_groups.o(i.xEventGroupGetBitsFromISR) for xEventGroupGetBitsFromISR
    stm32f10x_it.o(i.USART2_IRQHandler) refers to stm32f10x_tim.o(i.TIM_Cmd) for TIM_Cmd
    stm32f10x_it.o(i.USART2_IRQHandler) refers to stm32f10x_tim.o(i.TIM_SetCounter) for TIM_SetCounter
    stm32f10x_it.o(i.USART2_IRQHandler) refers to main.o(.data) for Event_Handle
    stm32f10x_it.o(i.USART2_IRQHandler) refers to usart2.o(.bss) for Usart2_RxBuff
    stm32f10x_it.o(i.USART2_IRQHandler) refers to usart2.o(.data) for Usart2_RxCounter
    main.o(i.data_tx_to_buffer_task) refers to _printf_percent.o(.ARM.Collect$$_printf_percent$$00000000) for _printf_percent
    main.o(i.data_tx_to_buffer_task) refers to _printf_s.o(.ARM.Collect$$_printf_percent$$00000014) for _printf_s
    main.o(i.data_tx_to_buffer_task) refers to _printf_str.o(.text) for _printf_str
    main.o(i.data_tx_to_buffer_task) refers to rt_memclr_w.o(.text) for __aeabi_memclr4
    main.o(i.data_tx_to_buffer_task) refers to event_groups.o(i.xEventGroupWaitBits) for xEventGroupWaitBits
    main.o(i.data_tx_to_buffer_task) refers to __2sprintf.o(.text) for __2sprintf
    main.o(i.data_tx_to_buffer_task) refers to strlen.o(.text) for strlen
    main.o(i.data_tx_to_buffer_task) refers to queue.o(i.xQueueGenericReceive) for xQueueGenericReceive
    main.o(i.data_tx_to_buffer_task) refers to __2printf.o(.text) for __2printf
    main.o(i.data_tx_to_buffer_task) refers to port.o(i.vPortEnterCritical) for vPortEnterCritical
    main.o(i.data_tx_to_buffer_task) refers to mqtt.o(i.MQTT_PublishQs0) for MQTT_PublishQs0
    main.o(i.data_tx_to_buffer_task) refers to port.o(i.vPortExitCritical) for vPortExitCritical
    main.o(i.data_tx_to_buffer_task) refers to delay.o(i.delay_ms) for delay_ms
    main.o(i.data_tx_to_buffer_task) refers to main.o(.data) for Event_Handle
    main.o(i.data_tx_to_buffer_task) refers to main.o(.constdata) for DATA_TOPIC_NAME
    main.o(i.main) refers to misc.o(i.NVIC_PriorityGroupConfig) for NVIC_PriorityGroupConfig
    main.o(i.main) refers to delay.o(i.delay_init) for delay_init
    main.o(i.main) refers to usart1.o(i.usart1_init) for usart1_init
    main.o(i.main) refers to usart2.o(i.usart2_init) for usart2_init
    main.o(i.main) refers to timer4.o(i.tim4_init) for tim4_init
    main.o(i.main) refers to led.o(i.led_init) for led_init
    main.o(i.main) refers to dht11.o(i.dht11_init) for dht11_init
    main.o(i.main) refers to bh1750.o(i.iic_by30_init) for iic_by30_init
    main.o(i.main) refers to lcd.o(i.LCD_Init) for LCD_Init
    main.o(i.main) refers to adc.o(i.Adc_Init) for Adc_Init
    main.o(i.main) refers to beep.o(i.BEEP_Init) for BEEP_Init
[...]
    DMA2_Channel2_IRQHandler                 0x0800036b   Thumb Code     0  startup_stm32f10x_hd.o(.text)
    DMA2_Channel3_IRQHandler                 0x0800036b   Thumb Code     0  startup_stm32f10x_hd.o(.text)
    DMA2_Channel4_5_IRQHandler               0x0800036b   Thumb Code     0  startup_stm32f10x_hd.o(.text)
    EXTI0_IRQHandler                         0x0800036b   Thumb Code     0  startup_stm32f10x_hd.o(.text)
    EXTI15_10_IRQHandler                     0x0800036b   Thumb Code     0  startup_stm32f10x_hd.o(.text)
    EXTI1_IRQHandler                         0x0800036b   Thumb Code     0  startup_stm32f10x_hd.o(.text)
    EXTI2_IRQHandler                         0x0800036b   Thumb Code     0  startup_stm32f10x_hd.o(.text)
    EXTI3_IRQHandler                         0x0800036b   Thumb Code     0  startup_stm32f10x_hd.o(.text)
    EXTI4_IRQHandler                         0x0800036b   Thumb Code     0  startup_stm32f10x_hd.o(.text)
    EXTI9_5_IRQHandler                       0x0800036b   Thumb Code     0  startup_stm32f10x_hd.o(.text)
    FLASH_IRQHandler                         0x0800036b   Thumb Code     0  startup_stm32f10x_hd.o(.text)
    FSMC_IRQHandler                          0x0800036b   Thumb Code     0  startup_stm32f10x_hd.o(.text)
    I2C1_ER_IRQHandler                       0x0800036b   Thumb Code     0  startup_stm32f10x_hd.o(.text)
    I2C1_EV_IRQHandler                       0x0800036b   Thumb Code     0  startup_stm32f10x_hd.o(.text)
    I2C2_ER_IRQHandler                       0x0800036b   Thumb Code     0  startup_stm32f10x_hd.o(.text)
    I2C2_EV_IRQHandler                       0x0800036b   Thumb Code     0  startup_stm32f10x_hd.o(.text)
    PVD_IRQHandler                           0x0800036b   Thumb Code     0  startup_stm32f10x_hd.o(.text)
    RCC_IRQHandler                           0x0800036b   Thumb Code     0  startup_stm32f10x_hd.o(.text)
    RTCAlarm_IRQHandler                      0x0800036b   Thumb Code     0  startup_stm32f10x_hd.o(.text)
    RTC_IRQHandler                           0x0800036b   Thumb Code     0  startup_stm32f10x_hd.o(.text)
    SDIO_IRQHandler                          0x0800036b   Thumb Code     0  startup_stm32f10x_hd.o(.text)
    SPI1_IRQHandler                          0x0800036b   Thumb Code     0  startup_stm32f10x_hd.o(.text)
    SPI2_IRQHandler                          0x0800036b   Thumb Code     0  startup_stm32f10x_hd.o(.text)
    SPI3_IRQHandler                          0x0800036b   Thumb Code     0  startup_stm32f10x_hd.o(.text)
    TAMPER_IRQHandler                        0x0800036b   Thumb Code     0  startup_stm32f10x_hd.o(.text)
    TIM1_BRK_IRQHandler                      0x0800036b   Thumb Code     0  startup_stm32f10x_hd.o(.text)
    TIM1_CC_IRQHandler                       0x0800036b   Thumb Code     0  startup_stm32f10x_hd.o(.text)
    TIM1_TRG_COM_IRQHandler                  0x0800036b   Thumb Code     0  startup_stm32f10x_hd.o(.text)
    TIM1_UP_IRQHandler                       0x0800036b   Thumb Code     0  startup_stm32f10x_hd.o(.text)
    TIM2_IRQHandler                          0x0800036b   Thumb Code     0  startup_stm32f10x_hd.o(.text)
    TIM5_IRQHandler                          0x0800036b   Thumb Code     0  startup_stm32f10x_hd.o(.text)
    TIM6_IRQHandler                          0x0800036b   Thumb Code     0  startup_stm32f10x_hd.o(.text)
    TIM7_IRQHandler                          0x0800036b   Thumb Code     0  startup_stm32f10x_hd.o(.text)
    TIM8_BRK_IRQHandler                      0x0800036b   Thumb Code     0  startup_stm32f10x_hd.o(.text)
    TIM8_CC_IRQHandler                       0x0800036b   Thumb Code     0  startup_stm32f10x_hd.o(.text)
    TIM8_TRG_COM_IRQHandler                  0x0800036b   Thumb Code     0  startup_stm32f10x_hd.o(.text)
    TIM8_UP_IRQHandler                       0x0800036b   Thumb Code     0  startup_stm32f10x_hd.o(.text)
    UART4_IRQHandler                         0x0800036b   Thumb Code     0  startup_stm32f10x_hd.o(.text)
    UART5_IRQHandler                         0x0800036b   Thumb Code     0  startup_stm32f10x_hd.o(.text)
    USART1_IRQHandler                        0x0800036b   Thumb Code     0  startup_stm32f10x_hd.o(.text)
    USART3_IRQHandler                        0x0800036b   Thumb Code     0  startup_stm32f10x_hd.o(.text)
    USBWakeUp_IRQHandler                     0x0800036b   Thumb Code     0  startup_stm32f10x_hd.o(.text)
    USB_HP_CAN1_TX_IRQHandler                0x0800036b   Thumb Code     0  startup_stm32f10x_hd.o(.text)
    USB_LP_CAN1_RX0_IRQHandler               0x0800036b   Thumb Code     0  startup_stm32f10x_hd.o(.text)
    WWDG_IRQHandler                          0x0800036b   Thumb Code     0  startup_stm32f10x_hd.o(.text)
    __user_initial_stackheap                 0x0800036d   Thumb Code     0  startup_stm32f10x_hd.o(.text)
    __use_no_semihosting                     0x08000391   Thumb Code     2  use_no_semi_2.o(.text)
    __c89vsprintf                            0x08000395   Thumb Code    32  c89vsprintf.o(.text)
    __2printf                                0x080003b9   Thumb Code    20  __2printf.o(.text)
    __2sprintf                               0x080003d1   Thumb Code    38  __2sprintf.o(.text)
    _printf_str                              0x080003fd   Thumb Code    82  _printf_str.o(.text)
    _printf_int_dec                          0x08000451   Thumb Code   104  _printf_dec.o(.text)
    _printf_longlong_hex                     0x080004c9   Thumb Code    86  _printf_hex_int_ll_ptr.o(.text)
    _printf_int_hex                          0x0800051f   Thumb Code    28  _printf_hex_int_ll_ptr.o(.text)
    _printf_ll_hex                           0x0800053b   Thumb Code    12  _printf_hex_int_ll_ptr.o(.text)
    _printf_hex_ptr                          0x08000547   Thumb Code    18  _printf_hex_int_ll_ptr.o(.text)
    __printf                                 0x0800055d   Thumb Code   388  __printf_flags_ss_wp.o(.text)
    strstr                                   0x080006e5   Thumb Code    36  strstr.o(.text)
    memcmp                                   0x08000709   Thumb Code    88  memcmp.o(.text)
    strlen                                   0x08000761   Thumb Code    62  strlen.o(.text)
    __aeabi_memcpy                           0x0800079f   Thumb Code     0  rt_memcpy_v6.o(.text)
    __rt_memcpy                              0x0800079f   Thumb Code   138  rt_memcpy_v6.o(.text)
    _memcpy_lastbytes                        0x08000805   Thumb Code     0  rt_memcpy_v6.o(.text)
    __aeabi_memset                           0x08000829   Thumb Code    16  aeabi_memset.o(.text)
    __aeabi_memclr                           0x08000839   Thumb Code     0  rt_memclr.o(.text)
    __rt_memclr                              0x08000839   Thumb Code    68  rt_memclr.o(.text)
    _memset                                  0x0800083d   Thumb Code     0  rt_memclr.o(.text)
    __aeabi_memclr4                          0x0800087d   Thumb Code     0  rt_memclr_w.o(.text)
    __aeabi_memclr8                          0x0800087d   Thumb Code     0  rt_memclr_w.o(.text)
    __rt_memclr_w                            0x0800087d   Thumb Code    78  rt_memclr_w.o(.text)
    _memset_w                                0x08000881   Thumb Code     0  rt_memclr_w.o(.text)
    __use_two_region_memory                  0x080008cb   Thumb Code     2  heapauxi.o(.text)
    __rt_heap_escrow$2region                 0x080008cd   Thumb Code     2  heapauxi.o(.text)
    __rt_heap_expand$2region                 0x080008cf   Thumb Code     2  heapauxi.o(.text)
    __I$use$semihosting                      0x080008d1   Thumb Code     0  use_no_semi.o(.text)
    __use_no_semihosting_swi                 0x080008d1   Thumb Code     2  use_no_semi.o(.text)
    _printf_pre_padding                      0x080008d3   Thumb Code    44  _printf_pad.o(.text)
    _printf_post_padding                     0x080008ff   Thumb Code    34  _printf_pad.o(.text)
    _printf_truncate_signed                  0x08000921   Thumb Code    18  _printf_truncate.o(.text)
    _printf_truncate_unsigned                0x08000933   Thumb Code    18  _printf_truncate.o(.text)
    _printf_int_common                       0x08000945   Thumb Code   178  _printf_intcommon.o(.text)
    _printf_charcount                        0x080009f7   Thumb Code    40  _printf_charcount.o(.text)
    __lib_sel_fp_printf                      0x08000a1f   Thumb Code     2  _printf_fp_dec.o(.text)
    _printf_fp_dec_real                      0x08000bcd   Thumb Code   620  _printf_fp_dec.o(.text)
    _printf_char_common                      0x08000e43   Thumb Code    32  _printf_char_common.o(.text)
    _sputc                                   0x08000e69   Thumb Code    10  _sputc.o(.text)
    _printf_cs_common                        0x08000e73   Thumb Code    20  _printf_char.o(.text)
    _printf_char                             0x08000e87   Thumb Code    16  _printf_char.o(.text)
    _printf_string                           0x08000e97   Thumb Code     8  _printf_char.o(.text)
    _printf_char_file                        0x08000ea1   Thumb Code    32  _printf_char_file.o(.text)
    _printf_wctomb                           0x08000ec5   Thumb Code   182  _printf_wctomb.o(.text)
    _printf_longlong_dec                     0x08000f81   Thumb Code   108  _printf_longlong_dec.o(.text)
    _printf_longlong_oct                     0x08000ffd   Thumb Code    68  _printf_oct_int_ll.o(.text)
    _printf_int_oct                          0x08001041   Thumb Code    24  _printf_oct_int_ll.o(.text)
    _printf_ll_oct                           0x08001059   Thumb Code    12  _printf_oct_int_ll.o(.text)
    __aeabi_memcpy4                          0x0800106d   Thumb Code     0  rt_memcpy_w.o(.text)
    __aeabi_memcpy8                          0x0800106d   Thumb Code     0  rt_memcpy_w.o(.text)
    __rt_memcpy_w                            0x0800106d   Thumb Code   100  rt_memcpy_w.o(.text)
    _memcpy_lastbytes_aligned                0x080010b5   Thumb Code     0  rt_memcpy_w.o(.text)
    __rt_locale                              0x080010d1   Thumb Code     8  rt_locale_intlibspace.o(.text)
    _ll_udiv10                               0x080010d9   Thumb Code   138  lludiv10.o(.text)
    _printf_fp_infnan                        0x08001165   Thumb Code   112  _printf_fp_infnan.o(.text)
    _printf_lcs_common                       0x080011e5   Thumb Code    20  _printf_wchar.o(.text)
    _printf_wchar                            0x080011f9   Thumb Code    16  _printf_wchar.o(.text)
    _printf_wstring                          0x08001209   Thumb Code     8  _printf_wchar.o(.text)
    _btod_etento                             0x08001211   Thumb Code   216  bigflt0.o(.text)
    ferror                                   0x080012ed   Thumb Code     8  ferror.o(.text)
    _wcrtomb                                 0x080012f5   Thumb Code    64  _wcrtomb.o(.text)
    __user_libspace                          0x08001335   Thumb Code     8  libspace.o(.text)
    __user_perproc_libspace                  0x08001335   Thumb Code     0  libspace.o(.text)
    __user_perthread_libspace                0x08001335   Thumb Code     0  libspace.o(.text)
    __user_setup_stackheap                   0x0800133d   Thumb Code    74  sys_stackheap_outer.o(.text)
    __rt_ctype_table                         0x08001389   Thumb Code    16  rt_ctype_table.o(.text)
    exit                                     0x08001399   Thumb Code    12  exit.o(.text)
    strcmp                                   0x080013a5   Thumb Code   128  strcmpv7m.o(.text)
    _btod_d2e                                0x08001425   Thumb Code    62  btod.o(CL$$btod_d2e)
    _d2e_denorm_low                          0x08001463   Thumb Code    70  btod.o(CL$$btod_d2e_denorm_low)
    _d2e_norm_op1                            0x080014a9   Thumb Code    96  btod.o(CL$$btod_d2e_norm_op1)
    __btod_div_common                        0x08001509   Thumb Code   696  btod.o(CL$$btod_div_common)
    _e2e                                     0x08001841   Thumb Code   198  btod.o(CL$$btod_e2e)
    _btod_ediv                               0x08001907   Thumb Code    40  btod.o(CL$$btod_ediv)
    _btod_emul                               0x0800192f   Thumb Code    40  btod.o(CL$$btod_emul)
    __btod_mult_common                       0x08001957   Thumb Code   580  btod.o(CL$$btod_mult_common)
    ADC_Cmd                                  0x08001b9b   Thumb Code    22  stm32f10x_adc.o(i.ADC_Cmd)
    ADC_DeInit                               0x08001bb1   Thumb Code    78  stm32f10x_adc.o(i.ADC_DeInit)
    ADC_GetCalibrationStatus                 0x08001c0d   Thumb Code    20  stm32f10x_adc.o(i.ADC_GetCalibrationStatus)
    ADC_GetConversionValue                   0x08001c21   Thumb Code     8  stm32f10x_adc.o(i.ADC_GetConversionValue)
    ADC_GetFlagStatus                        0x08001c29   Thumb Code    18  stm32f10x_adc.o(i.ADC_GetFlagStatus)
    ADC_GetResetCalibrationStatus            0x08001c3b   Thumb Code    20  stm32f10x_adc.o(i.ADC_GetResetCalibrationStatus)
    ADC_Init                                 0x08001c51   Thumb Code    70  stm32f10x_adc.o(i.ADC_Init)
    ADC_RegularChannelConfig                 0x08001ca1   Thumb Code   184  stm32f10x_adc.o(i.ADC_RegularChannelConfig)
    ADC_ResetCalibration                     0x08001d59   Thumb Code    10  stm32f10x_adc.o(i.ADC_ResetCalibration)
    ADC_SoftwareStartConvCmd                 0x08001d63   Thumb Code    22  stm32f10x_adc.o(i.ADC_SoftwareStartConvCmd)
    ADC_StartCalibration                     0x08001d79   Thumb Code    10  stm32f10x_adc.o(i.ADC_StartCalibration)
    Adc_Init                                 0x08001d85   Thumb Code   132  adc.o(i.Adc_Init)
    BEEP_Init                                0x08001e11   Thumb Code    50  beep.o(i.BEEP_Init)
    BH1750_RecvACK                           0x08001e49   Thumb Code    92  bh1750.o(i.BH1750_RecvACK)
    BH1750_RecvByte                          0x08001eb1   Thumb Code    96  bh1750.o(i.BH1750_RecvByte)
    BH1750_SendACK                           0x08001f1d   Thumb Code    78  bh1750.o(i.BH1750_SendACK)
    BH1750_SendByte                          0x08001f79   Thumb Code   106  bh1750.o(i.BH1750_SendByte)
    BH1750_Start                             0x08001ff1   Thumb Code    64  bh1750.o(i.BH1750_Start)
    BH1750_Stop                              0x0800203d   Thumb Code    58  bh1750.o(i.BH1750_Stop)
    BusFault_Handler                         0x08002085   Thumb Code     2  stm32f10x_it.o(i.BusFault_Handler)
    CMDBuf_Deal                              0x08002089   Thumb Code    96  mqtt.o(i.CMDBuf_Deal)
    DHT11_Check                              0x080020f5   Thumb Code   102  dht11.o(i.DHT11_Check)
    DHT11_Read_Bit                           0x08002161   Thumb Code    84  dht11.o(i.DHT11_Read_Bit)
    DHT11_Read_Byte                          0x080021b9   Thumb Code    30  dht11.o(i.DHT11_Read_Byte)
    DHT11_Rst                                0x080021d9   Thumb Code    58  dht11.o(i.DHT11_Rst)
    DebugMon_Handler                         0x08002219   Thumb Code     2  stm32f10x_it.o(i.DebugMon_Handler)
    GPIO_Init                                0x0800221b   Thumb Code   278  stm32f10x_gpio.o(i.GPIO_Init)
    GPIO_PinRemapConfig                      0x08002331   Thumb Code   138  stm32f10x_gpio.o(i.GPIO_PinRemapConfig)
    GPIO_ReadInputDataBit                    0x080023c1   Thumb Code    18  stm32f10x_gpio.o(i.GPIO_ReadInputDataBit)
    GPIO_ResetBits                           0x080023d3   Thumb Code     4  stm32f10x_gpio.o(i.GPIO_ResetBits)
    GPIO_SetBits                             0x080023d7   Thumb Code     4  stm32f10x_gpio.o(i.GPIO_SetBits)
    GPIO_WriteBit                            0x080023db   Thumb Code    10  stm32f10x_gpio.o(i.GPIO_WriteBit)
    Get_Adc                                  0x080023e5   Thumb Code    46  adc.o(i.Get_Adc)
    Get_Adc_Average                          0x08002419   Thumb Code    46  adc.o(i.Get_Adc_Average)
    HardFault_Handler                        0x08002447   Thumb Code     2  stm32f10x_it.o(i.HardFault_Handler)
    IoT_parameter_init                       0x08002449   Thumb Code   150  mqtt.o(i.IoT_parameter_init)
    LCD_Clear                                0x0800255d   Thumb Code   122  lcd.o(i.LCD_Clear)
    LCD_Display_Dir                          0x080025e5   Thumb Code   444  lcd.o(i.LCD_Display_Dir)
    LCD_Fast_DrawPoint                       0x080027a5   Thumb Code   854  lcd.o(i.LCD_Fast_DrawPoint)
    LCD_Init                                 0x08002b09   Thumb Code 15292  lcd.o(i.LCD_Init)
    LCD_Pow                                  0x080066c5   Thumb Code    22  lcd.o(i.LCD_Pow)
    LCD_RD_DATA                              0x080066dd   Thumb Code    98  lcd.o(i.LCD_RD_DATA)
    LCD_ReadReg                              0x0800674d   Thumb Code    16  lcd.o(i.LCD_ReadReg)
    LCD_SSD_BackLightSet                     0x0800675d   Thumb Code   198  lcd.o(i.LCD_SSD_BackLightSet)
    LCD_Scan_Dir                             0x08006831   Thumb Code  1112  lcd.o(i.LCD_Scan_Dir)
    LCD_SetCursor                            0x08006c89   Thumb Code   944  lcd.o(i.LCD_SetCursor)
    LCD_ShowChar                             0x08007045   Thumb Code   272  lcd.o(i.LCD_ShowChar)
    LCD_ShowString                           0x0800716d   Thumb Code   102  lcd.o(i.LCD_ShowString)
    LCD_ShowxNum                             0x080071d3   Thumb Code   190  lcd.o(i.LCD_ShowxNum)
    LCD_WR_DATAX                             0x08007291   Thumb Code    28  lcd.o(i.LCD_WR_DATAX)
    LCD_WR_REG                               0x080072b5   Thumb Code    28  lcd.o(i.LCD_WR_REG)
    LCD_WriteRAM_Prepare                     0x080072d9   Thumb Code    12  lcd.o(i.LCD_WriteRAM_Prepare)
    LCD_WriteReg                             0x080072e9   Thumb Code    40  lcd.o(i.LCD_WriteReg)
    MQTT_Buff_Init                           0x08007319   Thumb Code    74  mqtt.o(i.MQTT_Buff_Init)
    MQTT_ConectPack                          0x080073a5   Thumb Code   496  mqtt.o(i.MQTT_ConectPack)
    MQTT_DealPushdata_Qs0                    0x080075bd   Thumb Code   234  mqtt.o(i.MQTT_DealPushdata_Qs0)
    MQTT_PingREQ                             0x080076c5   Thumb Code    22  mqtt.o(i.MQTT_PingREQ)
    MQTT_PublishQs0                          0x080076e1   Thumb Code   220  mqtt.o(i.MQTT_PublishQs0)
    MemManage_Handler                        0x080077cd   Thumb Code     2  stm32f10x_it.o(i.MemManage_Handler)
    Multiple_Read_BH1750                     0x080077d1   Thumb Code    56  bh1750.o(i.Multiple_Read_BH1750)
    NMI_Handler                              0x0800780d   Thumb Code     2  stm32f10x_it.o(i.NMI_Handler)
    NVIC_Init                                0x08007811   Thumb Code   100  misc.o(i.NVIC_Init)
    NVIC_PriorityGroupConfig                 0x08007881   Thumb Code    10  misc.o(i.NVIC_PriorityGroupConfig)
    RCC_ADCCLKConfig                         0x08007895   Thumb Code    18  stm32f10x_rcc.o(i.RCC_ADCCLKConfig)
    RCC_APB1PeriphClockCmd                   0x080078ad   Thumb Code    26  stm32f10x_rcc.o(i.RCC_APB1PeriphClockCmd)
    RCC_APB1PeriphResetCmd                   0x080078cd   Thumb Code    26  stm32f10x_rcc.o(i.RCC_APB1PeriphResetCmd)
    RCC_APB2PeriphClockCmd                   0x080078ed   Thumb Code    26  stm32f10x_rcc.o(i.RCC_APB2PeriphClockCmd)
    RCC_APB2PeriphResetCmd                   0x0800790d   Thumb Code    26  stm32f10x_rcc.o(i.RCC_APB2PeriphResetCmd)
    RCC_GetClocksFreq                        0x0800792d   Thumb Code   192  stm32f10x_rcc.o(i.RCC_GetClocksFreq)
    Single_Write_BH1750                      0x08007ae9   Thumb Code    34  bh1750.o(i.Single_Write_BH1750)
    SysTick_CLKSourceConfig                  0x08007b0b   Thumb Code    40  misc.o(i.SysTick_CLKSourceConfig)
    SysTick_Handler                          0x08007b33   Thumb Code    16  stm32f10x_it.o(i.SysTick_Handler)
    SystemInit                               0x08007b45   Thumb Code    78  system_stm32f10x.o(i.SystemInit)
    TIM3_ENABLE_2S                           0x08007ba5   Thumb Code   108  timer3.o(i.TIM3_ENABLE_2S)
    TIM3_ENABLE_30S                          0x08007c15   Thumb Code   108  timer3.o(i.TIM3_ENABLE_30S)
    TIM3_IRQHandler                          0x08007c85   Thumb Code   108  stm32f10x_it.o(i.TIM3_IRQHandler)
    TIM4_IRQHandler                          0x08007d05   Thumb Code   122  stm32f10x_it.o(i.TIM4_IRQHandler)
    TIM_ClearITPendingBit                    0x08007d9d   Thumb Code     6  stm32f10x_tim.o(i.TIM_ClearITPendingBit)
    TIM_Cmd                                  0x08007da3   Thumb Code    24  stm32f10x_tim.o(i.TIM_Cmd)
    TIM_DeInit                               0x08007dbd   Thumb Code   424  stm32f10x_tim.o(i.TIM_DeInit)
    TIM_GetITStatus                          0x08007fa5   Thumb Code    34  stm32f10x_tim.o(i.TIM_GetITStatus)
    TIM_ITConfig                             0x08007fc7   Thumb Code    18  stm32f10x_tim.o(i.TIM_ITConfig)
    TIM_SetCounter                           0x08007fd9   Thumb Code     4  stm32f10x_tim.o(i.TIM_SetCounter)
    TIM_TimeBaseInit                         0x08007fdd   Thumb Code   122  stm32f10x_tim.o(i.TIM_TimeBaseInit)
    TxDataBuf_Deal                           0x08008081   Thumb Code    86  mqtt.o(i.TxDataBuf_Deal)
    USART2_IRQHandler                        0x080080e5   Thumb Code   112  stm32f10x_it.o(i.USART2_IRQHandler)
    USART_ClearFlag                          0x08008169   Thumb Code    18  stm32f10x_usart.o(i.USART_ClearFlag)
    USART_Cmd                                0x0800817b   Thumb Code    24  stm32f10x_usart.o(i.USART_Cmd)
    USART_DeInit                             0x08008195   Thumb Code   134  stm32f10x_usart.o(i.USART_DeInit)
    USART_GetITStatus                        0x08008231   Thumb Code    84  stm32f10x_usart.o(i.USART_GetITStatus)
    USART_ITConfig                           0x08008285   Thumb Code    74  stm32f10x_usart.o(i.USART_ITConfig)
    USART_Init                               0x080082d1   Thumb Code   210  stm32f10x_usart.o(i.USART_Init)
    UsageFault_Handler                       0x080083a9   Thumb Code     2  stm32f10x_it.o(i.UsageFault_Handler)
    WiFi_Connect_IoTServer                   0x080083ad   Thumb Code   224  wifi.o(i.WiFi_Connect_IoTServer)
    WiFi_Connect_Server                      0x08008691   Thumb Code   190  wifi.o(i.WiFi_Connect_Server)
    WiFi_JoinAP                              0x080087e5   Thumb Code    88  wifi.o(i.WiFi_JoinAP)
    WiFi_Reset                               0x08008881   Thumb Code    88  wifi.o(i.WiFi_Reset)
    WiFi_SendCmd                             0x080088f1   Thumb Code    86  wifi.o(i.WiFi_SendCmd)
    __ARM_fpclassify                         0x08008965   Thumb Code    40  fpclassify.o(i.__ARM_fpclassify)
    _is_digit                                0x0800898d   Thumb Code    14  __printf_wp.o(i._is_digit)
    _sys_exit                                0x0800899b   Thumb Code     4  usart1.o(i._sys_exit)
    beep_off                                 0x080089a1   Thumb Code    14  beep.o(i.beep_off)
    data_tx_to_buffer_task                   0x080089b5   Thumb Code   194  main.o(i.data_tx_to_buffer_task)
    delay_init                               0x08008a95   Thumb Code    70  delay.o(i.delay_init)
    delay_ms                                 0x08008aed   Thumb Code    60  delay.o(i.delay_ms)
    delay_us                                 0x08008b2d   Thumb Code    68  delay.o(i.delay_us)
    dht11_init                               0x08008b75   Thumb Code    46  dht11.o(i.dht11_init)
    dht11_read_data                          0x08008ba9   Thumb Code    92  dht11.o(i.dht11_read_data)
    fputc                                    0x08008c05   Thumb Code    24  usart1.o(i.fputc)
    get_sunlight_value                       0x08008c21   Thumb Code    68  bh1750.o(i.get_sunlight_value)
    iic_by30_init                            0x08008c69   Thumb Code    52  bh1750.o(i.iic_by30_init)
    led1_off                                 0x08008ca9   Thumb Code    12  led.o(i.led1_off)
    led1_on                                  0x08008cb9   Thumb Code    12  led.o(i.led1_on)
    led2_off                                 0x08008cc9   Thumb Code    14  led.o(i.led2_off)
    led2_on                                  0x08008cdd   Thumb Code    14  led.o(i.led2_on)
    led_init                                 0x08008cf1   Thumb Code    84  led.o(i.led_init)
    main                                     0x08008d4d   Thumb Code   102  main.o(i.main)
    mqtt_buffer_rx_tx_task                   0x08008dcd   Thumb Code   436  main.o(i.mqtt_buffer_rx_tx_task)
    my_beep_task                             0x08009131   Thumb Code    72  main.o(i.my_beep_task)
    my_dht11_task                            0x08009195   Thumb Code    82  main.o(i.my_dht11_task)
    my_lcd_task                              0x08009215   Thumb Code   224  main.o(i.my_lcd_task)
    my_led2_task                             0x08009329   Thumb Code    50  main.o(i.my_led2_task)
    my_mq2_task                              0x08009361   Thumb Code   156  main.o(i.my_mq2_task)
    my_mqtt_buffer_cmd_task                  0x08009435   Thumb Code   300  main.o(i.my_mqtt_buffer_cmd_task)
    my_start_task                            0x080095d1   Thumb Code   260  main.o(i.my_start_task)
    my_sun_task                              0x080097dd   Thumb Code    74  main.o(i.my_sun_task)
    pvPortMalloc                             0x0800a3cd   Thumb Code   262  heap_4.o(i.pvPortMalloc)
    pvTaskIncrementMutexHeldCount            0x0800a521   Thumb Code    26  tasks.o(i.pvTaskIncrementMutexHeldCount)
    pxPortInitialiseStack                    0x0800a541   Thumb Code    30  port.o(i.pxPortInitialiseStack)
    send_data                                0x0800a565   Thumb Code    98  control.o(i.send_data)
    tim4_init                                0x0800a5e1   Thumb Code    98  timer4.o(i.tim4_init)
    u2_TxData                                0x0800a649   Thumb Code    58  usart2.o(i.u2_TxData)
    u2_printf                                0x0800a689   Thumb Code    84  usart2.o(i.u2_printf)
    usart1_init                              0x0800a6e5   Thumb Code   118  usart1.o(i.usart1_init)
    usart2_init                              0x0800a765   Thumb Code   170  usart2.o(i.usart2_init)
    uxListRemove                             0x0800a819   Thumb Code    40  list.o(i.uxListRemove)
    uxTaskResetEventItemValue                0x0800a841   Thumb Code    24  tasks.o(i.uxTaskResetEventItemValue)
    vEventGroupClearBitsCallback             0x0800a85d   Thumb Code    16  event_groups.o(i.vEventGroupClearBitsCallback)
    vListInitialise                          0x0800a86d   Thumb Code    26  list.o(i.vListInitialise)
    vListInitialiseItem                      0x0800a887   Thumb Code     6  list.o(i.vListInitialiseItem)
    vListInsert                              0x0800a88d   Thumb Code    52  list.o(i.vListInsert)
    vListInsertEnd                           0x0800a8c1   Thumb Code    24  list.o(i.vListInsertEnd)
    vPortEnterCritical                       0x0800a8d9   Thumb Code    68  port.o(i.vPortEnterCritical)
    vPortExitCritical                        0x0800a961   Thumb Code    48  port.o(i.vPortExitCritical)
    vPortFree                                0x0800a9d1   Thumb Code   120  heap_4.o(i.vPortFree)
    vPortSetupTimerInterrupt                 0x0800aa89   Thumb Code    26  port.o(i.vPortSetupTimerInterrupt)
    vPortValidateInterruptPriority           0x0800aaa9   Thumb Code    86  port.o(i.vPortValidateInterruptPriority)
    vQueueAddToRegistry                      0x0800ab49   Thumb Code    38  queue.o(i.vQueueAddToRegistry)
    vQueueWaitForMessageRestricted           0x0800ab75   Thumb Code    74  queue.o(i.vQueueWaitForMessageRestricted)
    vTaskDelay                               0x0800abc1   Thumb Code    72  tasks.o(i.vTaskDelay)
    vTaskDelete                              0x0800ac35   Thumb Code   192  tasks.o(i.vTaskDelete)
    vTaskMissedYield                         0x0800ad41   Thumb Code     8  tasks.o(i.vTaskMissedYield)
    vTaskPlaceOnEventList                    0x0800ad4d   Thumb Code    42  tasks.o(i.vTaskPlaceOnEventList)
    vTaskPlaceOnEventListRestricted          0x0800ada1   Thumb Code    50  tasks.o(i.vTaskPlaceOnEventListRestricted)
    vTaskPlaceOnUnorderedEventList           0x0800adfd   Thumb Code    80  tasks.o(i.vTaskPlaceOnUnorderedEventList)
    vTaskPriorityInherit                     0x0800ae79   Thumb Code   164  tasks.o(i.vTaskPriorityInherit)
    vTaskResume                              0x0800af29   Thumb Code   118  tasks.o(i.vTaskResume)
    vTaskSetTimeOutState                     0x0800afd5   Thumb Code    32  tasks.o(i.vTaskSetTimeOutState)
    vTaskStartScheduler                      0x0800b021   Thumb Code   108  tasks.o(i.vTaskStartScheduler)
    vTaskSuspend                             0x0800b0cd   Thumb Code   186  tasks.o(i.vTaskSuspend)
    vTaskSuspendAll                          0x0800b1cd   Thumb Code    12  tasks.o(i.vTaskSuspendAll)
    vTaskSwitchContext                       0x0800b1dd   Thumb Code   110  tasks.o(i.vTaskSwitchContext)
    wifi_reset_io_init                       0x0800b285   Thumb Code    48  wifi.o(i.wifi_reset_io_init)
    wifi_task                                0x0800b2b9   Thumb Code   126  main.o(i.wifi_task)
    xEventGroupClearBits                     0x0800b375   Thumb Code    72  event_groups.o(i.xEventGroupClearBits)
    xEventGroupClearBitsFromISR              0x0800b3e9   Thumb Code    24  event_groups.o(i.xEventGroupClearBitsFromISR)
    xEventGroupCreate                        0x0800b405   Thumb Code    26  event_groups.o(i.xEventGroupCreate)
    xEventGroupGetBitsFromISR                0x0800b41f   Thumb Code    44  event_groups.o(i.xEventGroupGetBitsFromISR)
    xEventGroupSetBits                       0x0800b44d   Thumb Code   186  event_groups.o(i.xEventGroupSetBits)
    xEventGroupWaitBits                      0x0800b535   Thumb Code   294  event_groups.o(i.xEventGroupWaitBits)
    xPortStartScheduler                      0x0800b68d   Thumb Code   140  port.o(i.xPortStartScheduler)
    xPortSysTickHandler                      0x0800b72d   Thumb Code    46  port.o(i.xPortSysTickHandler)
    xQueueGenericCreate                      0x0800b761   Thumb Code    78  queue.o(i.xQueueGenericCreate)
    xQueueGenericReceive                     0x0800b7d5   Thumb Code   416  queue.o(i.xQueueGenericReceive)
    xQueueGenericReset                       0x0800b99d   Thumb Code   136  queue.o(i.xQueueGenericReset)
    xQueueGenericSend                        0x0800ba4d   Thumb Code   412  queue.o(i.xQueueGenericSend)
    xQueueGenericSendFromISR                 0x0800bc11   Thumb Code   234  queue.o(i.xQueueGenericSendFromISR)
    xTaskCheckForTimeOut                     0x0800bd21   Thumb Code   116  tasks.o(i.xTaskCheckForTimeOut)
    xTaskCreate                              0x0800bdc1   Thumb Code    96  tasks.o(i.xTaskCreate)
    xTaskGetSchedulerState                   0x0800be21   Thumb Code    24  tasks.o(i.xTaskGetSchedulerState)
    xTaskGetTickCount                        0x0800be41   Thumb Code     6  tasks.o(i.xTaskGetTickCount)
    xTaskIncrementTick                       0x0800be4d   Thumb Code   272  tasks.o(i.xTaskIncrementTick)
    xTaskPriorityDisinherit                  0x0800bfad   Thumb Code   168  tasks.o(i.xTaskPriorityDisinherit)
    xTaskRemoveFromEventList                 0x0800c085   Thumb Code   118  tasks.o(i.xTaskRemoveFromEventList)
    xTaskRemoveFromUnorderedEventList        0x0800c139   Thumb Code   134  tasks.o(i.xTaskRemoveFromUnorderedEventList)
    xTaskResumeAll                           0x0800c1f9   Thumb Code   214  tasks.o(i.xTaskResumeAll)
    xTaskResumeFromISR                       0x0800c319   Thumb Code   148  tasks.o(i.xTaskResumeFromISR)
    xTimerCreateTimerTask                    0x0800c3e5   Thumb Code    56  timers.o(i.xTimerCreateTimerTask)
    xTimerGenericCommand                     0x0800c459   Thumb Code   118  timers.o(i.xTimerGenericCommand)
    xTimerPendFunctionCallFromISR            0x0800c4fd   Thumb Code    48  timers.o(i.xTimerPendFunctionCallFromISR)
    _get_lc_numeric                          0x0800c531   Thumb Code    44  lc_numeric_c.o(locale$$code)
    _get_lc_ctype                            0x0800c55d   Thumb Code    44  lc_ctype_c.o(locale$$code)
    __aeabi_d2f                              0x0800c589   Thumb Code     0  d2f.o(x$fpl$d2f)
    _d2f                                     0x0800c589   Thumb Code    98  d2f.o(x$fpl$d2f)
    __aeabi_d2uiz                            0x0800c5ed   Thumb Code     0  dfixu.o(x$fpl$dfixu)
    _dfixu                                   0x0800c5ed   Thumb Code    90  dfixu.o(x$fpl$dfixu)
    __aeabi_ui2d                             0x0800c647   Thumb Code     0  dflt_clz.o(x$fpl$dfltu)
    _dfltu                                   0x0800c647   Thumb Code    38  dflt_clz.o(x$fpl$dfltu)
    __aeabi_dmul                             0x0800c66d   Thumb Code     0  dmul.o(x$fpl$dmul)
    _dmul                                    0x0800c66d   Thumb Code   332  dmul.o(x$fpl$dmul)
    __fpl_dnaninf                            0x0800c7c1   Thumb Code   156  dnaninf.o(x$fpl$dnaninf)
    __fpl_dretinf                            0x0800c85d   Thumb Code    12  dretinf.o(x$fpl$dretinf)
    __aeabi_f2d                              0x0800c869   Thumb Code     0  f2d.o(x$fpl$f2d)
    _f2d                                     0x0800c869   Thumb Code    86  f2d.o(x$fpl$f2d)
    __aeabi_fadd                             0x0800c8c1   Thumb Code     0  faddsub_clz.o(x$fpl$fadd)
    _fadd                                    0x0800c8c1   Thumb Code   196  faddsub_clz.o(x$fpl$fadd)
    __aeabi_f2uiz                            0x0800c985   Thumb Code     0  ffixu.o(x$fpl$ffixu)
    _ffixu                                   0x0800c985   Thumb Code    62  ffixu.o(x$fpl$ffixu)
    __aeabi_ui2f                             0x0800c9c5   Thumb Code     0  fflt_clz.o(x$fpl$ffltu)
    _ffltu                                   0x0800c9c5   Thumb Code    38  fflt_clz.o(x$fpl$ffltu)
    __aeabi_fmul                             0x0800c9ed   Thumb Code     0  fmul.o(x$fpl$fmul)
    _fmul                                    0x0800c9ed   Thumb Code   258  fmul.o(x$fpl$fmul)
    __fpl_fnaninf                            0x0800caef   Thumb Code   140  fnaninf.o(x$fpl$fnaninf)
    __fpl_fretinf                            0x0800cb7b   Thumb Code    10  fretinf.o(x$fpl$fretinf)
    __aeabi_frsub                            0x0800cb85   Thumb Code     0  faddsub_clz.o(x$fpl$frsb)
    _frsb                                    0x0800cb85   Thumb Code    20  faddsub_clz.o(x$fpl$frsb)
    __aeabi_fsub                             0x0800cb99   Thumb Code     0  faddsub_clz.o(x$fpl$fsub)
    _fsub                                    0x0800cb99   Thumb Code   234  faddsub_clz.o(x$fpl$fsub)
    _printf_fp_dec                           0x0800cc83   Thumb Code     4  printf1.o(x$fpl$printf1)
    __I$use$fp                               0x0800cc86   Number         0  usenofp.o(x$fpl$usenofp)
    SSID                                     0x0800cc88   Data           6  main.o(.constdata)
    PASS                                     0x0800cc8e   Data           9  main.o(.constdata)
    PRODUCTID                                0x0800cc97   Data           7  main.o(.constdata)
    DEVICEID                                 0x0800cc9e   Data          11  main.o(.constdata)
    AUTHENTICATION                           0x0800cca9   Data           7  main.o(.constdata)
    DATA_TOPIC_NAME                          0x0800ccb0   Data           4  main.o(.constdata)
    SERVER_IP                                0x0800ccb4   Data          14  main.o(.constdata)
    SERVER_PORT                              0x0800ccc4   Data           4  main.o(.constdata)
    WIFI_CONECT                              0x0800ccc8   Data           4  main.o(.constdata)
    PING_MODE                                0x0800cccc   Data           4  main.o(.constdata)
    MESSAGE_DATA_TX_NUM                      0x0800ccd0   Data           4  main.o(.constdata)
    MESSAGE_DATA_TX_LEN                      0x0800ccd4   Data           4  main.o(.constdata)
    asc2_1206                                0x0800ccd8   Data        1140  lcd.o(.constdata)
    asc2_1608                                0x0800d14c   Data        1520  lcd.o(.constdata)
    asc2_2412                                0x0800d73c   Data        3420  lcd.o(.constdata)
    Region$$Table$$Base                      0x0800e5a8   Number         0  anon$$obj.o(Region$$Table)
    Region$$Table$$Limit                     0x0800e5c8   Number         0  anon$$obj.o(Region$$Table)
    __ctype                                  0x0800e5f1   Data           0  lc_ctype_c.o(locale$$data)
    LED1_LABER                               0x20000000   Data           4  main.o(.data)
    CMD_LED1ON                               0x20000004   Data           4  main.o(.data)
    CMD_LED1OFF                              0x20000008   Data           4  main.o(.data)
    led1_flag                                0x2000000c   Data           4  main.o(.data)
    LED2_LABER                               0x20000010   Data           4  main.o(.data)
    CMD_LED2ON                               0x20000014   Data           4  main.o(.data)
    CMD_LED2OFF                              0x20000018   Data           4  main.o(.data)
    led2_flag                                0x2000001c   Data           4  main.o(.data)
    BinarySemaphore                          0x20000020   Data           4  main.o(.data)
    Event_Handle                             0x20000024   Data           4  main.o(.data)
    Message_Queue                            0x20000028   Data           4  main.o(.data)
    StartTask_Handler                        0x2000002c   Data           4  main.o(.data)
    Led2_Task_Handler                        0x20000030   Data           4  main.o(.data)
    DHT11_Task_Handler                       0x20000034   Data           4  main.o(.data)
    SUN_Task_Handler                         0x20000038   Data           4  main.o(.data)
    MQ2_Task_Handler                         0x2000003c   Data           4  main.o(.data)
    LCD_Task_Handler                         0x20000040   Data           4  main.o(.data)
    BEEP_Task_Handler                        0x20000044   Data           4  main.o(.data)
    MQTT_Cmd_Task_Handler                    0x20000048   Data           4  main.o(.data)
    WIFI_Task_Handler                        0x2000004c   Data           4  main.o(.data)
    MQTT_RxTx_Task_Handler                   0x20000050   Data           4  main.o(.data)
    DATA_TX_Task_Handler                     0x20000054   Data           4  main.o(.data)
    __stdout                                 0x2000005c   Data           4  usart1.o(.data)
    Usart2_RxCounter                         0x20000060   Data           4  usart2.o(.data)
    MQTT_RxDataInPtr                         0x20000064   Data           4  mqtt.o(.data)
    MQTT_RxDataOutPtr                        0x20000068   Data           4  mqtt.o(.data)
    MQTT_RxDataEndPtr                        0x2000006c   Data           4  mqtt.o(.data)
    MQTT_TxDataInPtr                         0x20000070   Data           4  mqtt.o(.data)
    MQTT_TxDataOutPtr                        0x20000074   Data           4  mqtt.o(.data)
    MQTT_TxDataEndPtr                        0x20000078   Data           4  mqtt.o(.data)
    MQTT_CMDInPtr                            0x2000007c   Data           4  mqtt.o(.data)
    MQTT_CMDOutPtr                           0x20000080   Data           4  mqtt.o(.data)
    MQTT_CMDEndPtr                           0x20000084   Data           4  mqtt.o(.data)
    ClientID_len                             0x20000088   Data           4  mqtt.o(.data)
    Username_len                             0x2000008c   Data           4  mqtt.o(.data)
    Passward_len                             0x20000090   Data           4  mqtt.o(.data)
    ServerPort                               0x20000094   Data           4  mqtt.o(.data)
    Fixed_len                                0x20000098   Data           4  mqtt.o(.data)
    Variable_len                             0x2000009c   Data           4  mqtt.o(.data)
    Payload_len                              0x200000a0   Data           4  mqtt.o(.data)
    pingFlag                                 0x200000a4   Data           1  mqtt.o(.data)
    BUF                                      0x200000a5   Data           3  bh1750.o(.data)
    POINT_COLOR                              0x200000a8   Data           2  lcd.o(.data)
    BACK_COLOR                               0x200000aa   Data           2  lcd.o(.data)
    SystemCoreClock                          0x200000ac   Data           4  system_stm32f10x.o(.data)
    AHBPrescTable                            0x200000b0   Data          16  system_stm32f10x.o(.data)
    pxCurrentTCB                             0x200000d4   Data           4  tasks.o(.data)
    Usart2_RxBuff                            0x20000148   Data        1024  usart2.o(.bss)
    USART2_TxBuff                            0x20000548   Data        1024  usart2.o(.bss)
    MQTT_RxDataBuf                           0x20000948   Data        1500  mqtt.o(.bss)
    MQTT_TxDataBuf                           0x20000f24   Data        1500  mqtt.o(.bss)
    MQTT_CMDBuf                              0x20001500   Data        1500  mqtt.o(.bss)
    ClientID                                 0x20001adc   Data         128  mqtt.o(.bss)
    Username                                 0x20001b5c   Data         128  mqtt.o(.bss)
    Passward                                 0x20001bdc   Data         128  mqtt.o(.bss)
    ServerIP                                 0x20001c5c   Data         128  mqtt.o(.bss)
    temp_buff                                0x20001cdc   Data         300  mqtt.o(.bss)
    lcddev                                   0x20001e08   Data          14  lcd.o(.bss)
    xQueueRegistry                           0x20001e18   Data          64  queue.o(.bss)
    __libspace_start                         0x20007164   Data          96  libspace.o(.bss)
    __temporary_stack_top$libspace           0x200071c4   Data           0  libspace.o(.bss)



==============================================================================

Memory Map of the image

  Image Entry point : 0x08000351

  Load Region LR_1 (Base: 0x08000000, Size: 0x0000e83c, Max: 0xffffffff, ABSOLUTE, COMPRESSED[0x0000e728])

    Execution Region ER_RO (Base: 0x08000000, Size: 0x0000e6f4, Max: 0xffffffff, ABSOLUTE)

    Base Addr    Size         Type   Attr      Idx    E Section Name        Object

    0x08000000   0x00000130   Data   RO         1331    RESET               startup_stm32f10x_hd.o
    0x08000130   0x00000008   Code   RO         3524  * !!!main             c_w.l(__main.o)
    0x08000138   0x00000034   Code   RO         3831    !!!scatter          c_w.l(__scatter.o)
    0x0800016c   0x0000005a   Code   RO         3829    !!dczerorl2         c_w.l(__dczerorl2.o)
    0x080001c6   0x00000002   PAD
    0x080001c8   0x0000001c   Code   RO         3833    !!handler_zi        c_w.l(__scatter_zi.o)
    0x080001e4   0x00000000   Code   RO         3505    .ARM.Collect$$_printf_percent$$00000000  c_w.l(_printf_percent.o)
    0x080001e4   0x00000006   Code   RO         3594    .ARM.Collect$$_printf_percent$$00000001  c_w.l(_printf_n.o)
    0x080001ea   0x00000006   Code   RO         3595    .ARM.Collect$$_printf_percent$$00000002  c_w.l(_printf_p.o)
    0x080001f0   0x00000006   Code   RO         3504    .ARM.Collect$$_printf_percent$$00000003  c_w.l(_printf_f.o)
    0x080001f6   0x00000006   Code   RO         3598    .ARM.Collect$$_printf_percent$$00000004  c_w.l(_printf_e.o)
    0x080001fc   0x00000006   Code   RO         3599    .ARM.Collect$$_printf_percent$$00000005  c_w.l(_printf_g.o)
    0x08000202   0x00000006   Code   RO         3600    .ARM.Collect$$_printf_percent$$00000006  c_w.l(_printf_a.o)
    0x08000208   0x0000000a   Code   RO         3605    .ARM.Collect$$_printf_percent$$00000007  c_w.l(_printf_ll.o)
    0x08000212   0x00000006   Code   RO         3597    .ARM.Collect$$_printf_percent$$00000008  c_w.l(_printf_i.o)
    0x08000218   0x00000006   Code   RO         3502    .ARM.Collect$$_printf_percent$$00000009  c_w.l(_printf_d.o)
    0x0800021e   0x00000006   Code   RO         3503    .ARM.Collect$$_printf_percent$$0000000A  c_w.l(_printf_u.o)
    0x08000224   0x00000006   Code   RO         3596    .ARM.Collect$$_printf_percent$$0000000B  c_w.l(_printf_o.o)
    0x0800022a   0x00000006   Code   RO         3501    .ARM.Collect$$_printf_percent$$0000000C  c_w.l(_printf_x.o)
    0x08000230   0x00000006   Code   RO         3602    .ARM.Collect$$_printf_percent$$0000000D  c_w.l(_printf_lli.o)
    0x08000236   0x00000006   Code   RO         3603    .ARM.Collect$$_printf_percent$$0000000E  c_w.l(_printf_lld.o)
    0x0800023c   0x00000006   Code   RO         3604    .ARM.Collect$$_printf_percent$$0000000F  c_w.l(_printf_llu.o)
    0x08000242   0x00000006   Code   RO         3609    .ARM.Collect$$_printf_percent$$00000010  c_w.l(_printf_llo.o)
    0x08000248   0x00000006   Code   RO         3610    .ARM.Collect$$_printf_percent$$00000011  c_w.l(_printf_llx.o)
    0x0800024e   0x0000000a   Code   RO         3606    .ARM.Collect$$_printf_percent$$00000012  c_w.l(_printf_l.o)
    0x08000258   0x00000006   Code   RO         3499    .ARM.Collect$$_printf_percent$$00000013  c_w.l(_printf_c.o)
    0x0800025e   0x00000006   Code   RO         3500    .ARM.Collect$$_printf_percent$$00000014  c_w.l(_printf_s.o)
    0x08000264   0x00000006   Code   RO         3607    .ARM.Collect$$_printf_percent$$00000015  c_w.l(_printf_lc.o)
    0x0800026a   0x00000006   Code   RO         3608    .ARM.Collect$$_printf_percent$$00000016  c_w.l(_printf_ls.o)
    0x08000270   0x00000004   Code   RO         3601    .ARM.Collect$$_printf_percent$$00000017  c_w.l(_printf_percent_end.o)
    0x08000274   0x00000002   Code   RO         3704    .ARM.Collect$$libinit$$00000000  c_w.l(libinit.o)
    0x08000276   0x00000000   Code   RO         3706    .ARM.Collect$$libinit$$00000002  c_w.l(libinit2.o)
    0x08000276   0x00000000   Code   RO         3708    .ARM.Collect$$libinit$$00000004  c_w.l(libinit2.o)
    0x08000276   0x00000000   Code   RO         3711    .ARM.Collect$$libinit$$0000000A  c_w.l(libinit2.o)
    0x08000276   0x00000000   Code   RO         3713    .ARM.Collect$$libinit$$0000000C  c_w.l(libinit2.o)
    0x08000276   0x00000000   Code   RO         3715    .ARM.Collect$$libinit$$0000000E  c_w.l(libinit2.o)
    0x08000276   0x00000006   Code   RO         3716    .ARM.Collect$$libinit$$0000000F  c_w.l(libinit2.o)
    0x0800027c   0x00000000   Code   RO         3718    .ARM.Collect$$libinit$$00000011  c_w.l(libinit2.o)
    0x0800027c   0x0000000c   Code   RO         3719    .ARM.Collect$$libinit$$00000012  c_w.l(libinit2.o)
    0x08000288   0x00000000   Code   RO         3720    .ARM.Collect$$libinit$$00000013  c_w.l(libinit2.o)
    0x08000288   0x00000000   Code   RO         3722    .ARM.Collect$$libinit$$00000015  c_w.l(libinit2.o)
    0x08000288   0x0000000a   Code   RO         3723    .ARM.Collect$$libinit$$00000016  c_w.l(libinit2.o)
    0x08000292   0x00000000   Code   RO         3724    .ARM.Collect$$libinit$$00000017  c_w.l(libinit2.o)
    0x08000292   0x00000000   Code   RO         3726    .ARM.Collect$$libinit$$00000019  c_w.l(libinit2.o)
    0x08000292   0x00000000   Code   RO         3728    .ARM.Collect$$libinit$$0000001B  c_w.l(libinit2.o)
    0x08000292   0x00000000   Code   RO         3730    .ARM.Collect$$libinit$$0000001D  c_w.l(libinit2.o)
    0x08000292   0x00000000   Code   RO         3732    .ARM.Collect$$libinit$$0000001F  c_w.l(libinit2.o)
    0x08000292   0x00000000   Code   RO         3734    .ARM.Collect$$libinit$$00000021  c_w.l(libinit2.o)
    0x08000292   0x00000000   Code   RO         3736    .ARM.Collect$$libinit$$00000023  c_w.l(libinit2.o)
    0x08000292   0x00000000   Code   RO         3738    .ARM.Collect$$libinit$$00000025  c_w.l(libinit2.o)
    0x08000292   0x00000000   Code   RO         3742    .ARM.Collect$$libinit$$0000002C  c_w.l(libinit2.o)
    0x08000292   0x00000000   Code   RO         3744    .ARM.Collect$$libinit$$0000002E  c_w.l(libinit2.o)
    0x08000292   0x00000000   Code   RO         3746    .ARM.Collect$$libinit$$00000030  c_w.l(libinit2.o)
    0x08000292   0x00000000   Code   RO         3748    .ARM.Collect$$libinit$$00000032  c_w.l(libinit2.o)
    0x08000292   0x00000002   Code   RO         3749    .ARM.Collect$$libinit$$00000033  c_w.l(libinit2.o)
    0x08000294   0x00000002   Code   RO         3780    .ARM.Collect$$libshutdown$$00000000  c_w.l(libshutdown.o)
    0x08000296   0x00000000   Code   RO         3790    .ARM.Collect$$libshutdown$$00000003  c_w.l(libshutdown2.o)
    0x08000296   0x00000000   Code   RO         3793    .ARM.Collect$$libshutdown$$00000006  c_w.l(libshutdown2.o)
    0x08000296   0x00000000   Code   RO         3796    .ARM.Collect$$libshutdown$$00000009  c_w.l(libshutdown2.o)
    0x08000296   0x00000000   Code   RO         3798    .ARM.Collect$$libshutdown$$0000000B  c_w.l(libshutdown2.o)
    0x08000296   0x00000000   Code   RO         3801    .ARM.Collect$$libshutdown$$0000000E  c_w.l(libshutdown2.o)
    0x08000296   0x00000002   Code   RO         3802    .ARM.Collect$$libshutdown$$0000000F  c_w.l(libshutdown2.o)
    0x08000298   0x00000000   Code   RO         3564    .ARM.Collect$$rtentry$$00000000  c_w.l(__rtentry.o)
    0x08000298   0x00000000   Code   RO         3623    .ARM.Collect$$rtentry$$00000002  c_w.l(__rtentry2.o)
    0x08000298   0x00000006   Code   RO         3635    .ARM.Collect$$rtentry$$00000004  c_w.l(__rtentry4.o)
    0x0800029e   0x00000000   Code   RO         3625    .ARM.Collect$$rtentry$$00000009  c_w.l(__rtentry2.o)
    0x0800029e   0x00000004   Code   RO         3626    .ARM.Collect$$rtentry$$0000000A  c_w.l(__rtentry2.o)
    0x080002a2   0x00000000   Code   RO         3628    .ARM.Collect$$rtentry$$0000000C  c_w.l(__rtentry2.o)
    0x080002a2   0x00000008   Code   RO         3629    .ARM.Collect$$rtentry$$0000000D  c_w.l(__rtentry2.o)
    0x080002aa   0x00000002   Code   RO         3750    .ARM.Collect$$rtexit$$00000000  c_w.l(rtexit.o)
    0x080002ac   0x00000000   Code   RO         3760    .ARM.Collect$$rtexit$$00000002  c_w.l(rtexit2.o)
    0x080002ac   0x00000004   Code   RO         3761    .ARM.Collect$$rtexit$$00000003  c_w.l(rtexit2.o)
    0x080002b0   0x00000006   Code   RO         3762    .ARM.Collect$$rtexit$$00000004  c_w.l(rtexit2.o)
    0x080002b6   0x00000002   PAD
    0x080002b8   0x00000096   Code   RO         3361    .emb_text           port.o
    0x0800034e   0x00000002   PAD
    0x08000350   0x00000040   Code   RO         1332  * .text               startup_stm32f10x_hd.o
    0x08000390   0x00000002   Code   RO         3440    .text               c_w.l(use_no_semi_2.o)
    0x08000392   0x00000002   PAD
    0x08000394   0x00000024   Code   RO         3442    .text               c_w.l(c89vsprintf.o)
    0x080003b8   0x00000018   Code   RO         3444    .text               c_w.l(__2printf.o)
    0x080003d0   0x0000002c   Code   RO         3446    .text               c_w.l(__2sprintf.o)
    0x080003fc   0x00000052   Code   RO         3454    .text               c_w.l(_printf_str.o)
    0x0800044e   0x00000002   PAD
    0x08000450   0x00000078   Code   RO         3456    .text               c_w.l(_printf_dec.o)
    0x080004c8   0x00000094   Code   RO         3476    .text               c_w.l(_printf_hex_int_ll_ptr.o)
    0x0800055c   0x00000188   Code   RO         3496    .text               c_w.l(__printf_flags_ss_wp.o)
    0x080006e4   0x00000024   Code   RO         3506    .text               c_w.l(strstr.o)
    0x08000708   0x00000058   Code   RO         3508    .text               c_w.l(memcmp.o)
    0x08000760   0x0000003e   Code   RO         3512    .text               c_w.l(strlen.o)
    0x0800079e   0x0000008a   Code   RO         3514    .text               c_w.l(rt_memcpy_v6.o)
    0x08000828   0x00000010   Code   RO         3516    .text               c_w.l(aeabi_memset.o)
    0x08000838   0x00000044   Code   RO         3518    .text               c_w.l(rt_memclr.o)
    0x0800087c   0x0000004e   Code   RO         3520    .text               c_w.l(rt_memclr_w.o)
    0x080008ca   0x00000006   Code   RO         3522    .text               c_w.l(heapauxi.o)
    0x080008d0   0x00000002   Code   RO         3562    .text               c_w.l(use_no_semi.o)
    0x080008d2   0x0000004e   Code   RO         3565    .text               c_w.l(_printf_pad.o)
    0x08000920   0x00000024   Code   RO         3567    .text               c_w.l(_printf_truncate.o)
    0x08000944   0x000000b2   Code   RO         3569    .text               c_w.l(_printf_intcommon.o)
    0x080009f6   0x00000028   Code   RO         3571    .text               c_w.l(_printf_charcount.o)
    0x08000a1e   0x0000041a   Code   RO         3573    .text               c_w.l(_printf_fp_dec.o)
    0x08000e38   0x00000030   Code   RO         3575    .text               c_w.l(_printf_char_common.o)
    0x08000e68   0x0000000a   Code   RO         3577    .text               c_w.l(_sputc.o)
    0x08000e72   0x0000002c   Code   RO         3579    .text               c_w.l(_printf_char.o)
    0x08000e9e   0x00000002   PAD
    0x08000ea0   0x00000024   Code   RO         3581    .text               c_w.l(_printf_char_file.o)
    0x08000ec4   0x000000bc   Code   RO         3583    .text               c_w.l(_printf_wctomb.o)
    0x08000f80   0x0000007c   Code   RO         3586    .text               c_w.l(_printf_longlong_dec.o)
    0x08000ffc   0x00000070   Code   RO         3592    .text               c_w.l(_printf_oct_int_ll.o)
    0x0800106c   0x00000064   Code   RO         3611    .text               c_w.l(rt_memcpy_w.o)
    0x080010d0   0x00000008   Code   RO         3640    .text               c_w.l(rt_locale_intlibspace.o)
    0x080010d8   0x0000008a   Code   RO         3642    .text               c_w.l(lludiv10.o)
    0x08001162   0x00000002   PAD
    0x08001164   0x00000080   Code   RO         3644    .text               c_w.l(_printf_fp_infnan.o)
    0x080011e4   0x0000002c   Code   RO         3648    .text               c_w.l(_printf_wchar.o)
    0x08001210   0x000000dc   Code   RO         3650    .text               c_w.l(bigflt0.o)
    0x080012ec   0x00000008   Code   RO         3675    .text               c_w.l(ferror.o)
    0x080012f4   0x00000040   Code   RO         3679    .text               c_w.l(_wcrtomb.o)
    0x08001334   0x00000008   Code   RO         3688    .text               c_w.l(libspace.o)
    0x0800133c   0x0000004a   Code   RO         3691    .text               c_w.l(sys_stackheap_outer.o)
    0x08001386   0x00000002   PAD
    0x08001388   0x00000010   Code   RO         3693    .text               c_w.l(rt_ctype_table.o)
    0x08001398   0x0000000c   Code   RO         3695    .text               c_w.l(exit.o)
    0x080013a4   0x00000080   Code   RO         3697    .text               c_w.l(strcmpv7m.o)
    0x08001424   0x0000003e   Code   RO         3653    CL$$btod_d2e        c_w.l(btod.o)
    0x08001462   0x00000046   Code   RO         3655    CL$$btod_d2e_denorm_low  c_w.l(btod.o)
    0x080014a8   0x00000060   Code   RO         3654    CL$$btod_d2e_norm_op1  c_w.l(btod.o)
    0x08001508   0x00000338   Code   RO         3663    CL$$btod_div_common  c_w.l(btod.o)
    0x08001840   0x000000c6   Code   RO         3660    CL$$btod_e2e        c_w.l(btod.o)
    0x08001906   0x00000028   Code   RO         3657    CL$$btod_ediv       c_w.l(btod.o)
    0x0800192e   0x00000028   Code   RO         3656    CL$$btod_emul       c_w.l(btod.o)
    0x08001956   0x00000244   Code   RO         3662    CL$$btod_mult_common  c_w.l(btod.o)
    0x08001b9a   0x00000016   Code   RO         1044    i.ADC_Cmd           stm32f10x_adc.o
    0x08001bb0   0x0000005c   Code   RO         1046    i.ADC_DeInit        stm32f10x_adc.o
    0x08001c0c   0x00000014   Code   RO         1052    i.ADC_GetCalibrationStatus  stm32f10x_adc.o
    0x08001c20   0x00000008   Code   RO         1053    i.ADC_GetConversionValue  stm32f10x_adc.o
    0x08001c28   0x00000012   Code   RO         1055    i.ADC_GetFlagStatus  stm32f10x_adc.o
    0x08001c3a   0x00000014   Code   RO         1058    i.ADC_GetResetCalibrationStatus  stm32f10x_adc.o
    0x08001c4e   0x00000002   PAD
    0x08001c50   0x00000050   Code   RO         1062    i.ADC_Init          stm32f10x_adc.o
    0x08001ca0   0x000000b8   Code   RO         1066    i.ADC_RegularChannelConfig  stm32f10x_adc.o
    0x08001d58   0x0000000a   Code   RO         1067    i.ADC_ResetCalibration  stm32f10x_adc.o
    0x08001d62   0x00000016   Code   RO         1069    i.ADC_SoftwareStartConvCmd  stm32f10x_adc.o
    0x08001d78   0x0000000a   Code   RO         1071    i.ADC_StartCalibration  stm32f10x_adc.o
    0x08001d82   0x00000002   PAD
    0x08001d84   0x0000008c   Code   RO          798    i.Adc_Init          adc.o
    0x08001e10   0x00000038   Code   RO         1260    i.BEEP_Init         beep.o
    0x08001e48   0x00000068   Code   RO          726    i.BH1750_RecvACK    bh1750.o
    0x08001eb0   0x0000006c   Code   RO          727    i.BH1750_RecvByte   bh1750.o
    0x08001f1c   0x0000005c   Code   RO          728    i.BH1750_SendACK    bh1750.o
    0x08001f78   0x00000078   Code   RO          729    i.BH1750_SendByte   bh1750.o
    0x08001ff0   0x0000004c   Code   RO          730    i.BH1750_Start      bh1750.o
    0x0800203c   0x00000048   Code   RO          731    i.BH1750_Stop       bh1750.o
    0x08002084   0x00000002   Code   RO            1    i.BusFault_Handler  stm32f10x_it.o
    0x08002086   0x00000002   PAD
    0x08002088   0x0000006c   Code   RO          557    i.CMDBuf_Deal       mqtt.o
    0x080020f4   0x0000006c   Code   RO          636    i.DHT11_Check       dht11.o
    0x08002160   0x00000058   Code   RO          637    i.DHT11_Read_Bit    dht11.o
    0x080021b8   0x0000001e   Code   RO          638    i.DHT11_Read_Byte   dht11.o
    0x080021d6   0x00000002   PAD
    0x080021d8   0x00000040   Code   RO          639    i.DHT11_Rst         dht11.o
    0x08002218   0x00000002   Code   RO            2    i.DebugMon_Handler  stm32f10x_it.o
    0x0800221a   0x00000116   Code   RO         2306    i.GPIO_Init         stm32f10x_gpio.o
    0x08002330   0x00000090   Code   RO         2308    i.GPIO_PinRemapConfig  stm32f10x_gpio.o
    0x080023c0   0x00000012   Code   RO         2310    i.GPIO_ReadInputDataBit  stm32f10x_gpio.o
    0x080023d2   0x00000004   Code   RO         2313    i.GPIO_ResetBits    stm32f10x_gpio.o
    0x080023d6   0x00000004   Code   RO         2314    i.GPIO_SetBits      stm32f10x_gpio.o
    0x080023da   0x0000000a   Code   RO         2317    i.GPIO_WriteBit     stm32f10x_gpio.o
    0x080023e4   0x00000034   Code   RO          799    i.Get_Adc           adc.o
    0x08002418   0x0000002e   Code   RO          800    i.Get_Adc_Average   adc.o
    0x08002446   0x00000002   Code   RO            3    i.HardFault_Handler  stm32f10x_it.o
    0x08002448   0x00000114   Code   RO          558    i.IoT_parameter_init  mqtt.o
    0x0800255c   0x00000088   Code   RO          826    i.LCD_Clear         lcd.o
    0x080025e4   0x000001c0   Code   RO          830    i.LCD_Display_Dir   lcd.o
    0x080027a4   0x00000364   Code   RO          835    i.LCD_Fast_DrawPoint  lcd.o
    0x08002b08   0x00003bbc   Code   RO          837    i.LCD_Init          lcd.o
    0x080066c4   0x00000016   Code   RO          838    i.LCD_Pow           lcd.o
    0x080066da   0x00000002   PAD
    0x080066dc   0x00000070   Code   RO          839    i.LCD_RD_DATA       lcd.o
    0x0800674c   0x00000010   Code   RO          841    i.LCD_ReadReg       lcd.o
    0x0800675c   0x000000d4   Code   RO          842    i.LCD_SSD_BackLightSet  lcd.o
    0x08006830   0x00000458   Code   RO          843    i.LCD_Scan_Dir      lcd.o
    0x08006c88   0x000003bc   Code   RO          844    i.LCD_SetCursor     lcd.o
    0x08007044   0x00000128   Code   RO          846    i.LCD_ShowChar      lcd.o
    0x0800716c   0x00000066   Code   RO          848    i.LCD_ShowString    lcd.o
    0x080071d2   0x000000be   Code   RO          849    i.LCD_ShowxNum      lcd.o
    0x08007290   0x00000024   Code   RO          850    i.LCD_WR_DATAX      lcd.o
    0x080072b4   0x00000024   Code   RO          851    i.LCD_WR_REG        lcd.o
    0x080072d8   0x00000010   Code   RO          853    i.LCD_WriteRAM_Prepare  lcd.o
    0x080072e8   0x00000030   Code   RO          854    i.LCD_WriteReg      lcd.o
    0x08007318   0x0000008c   Code   RO          559    i.MQTT_Buff_Init    mqtt.o
    0x080073a4   0x00000218   Code   RO          560    i.MQTT_ConectPack   mqtt.o
    0x080075bc   0x00000108   Code   RO          561    i.MQTT_DealPushdata_Qs0  mqtt.o
    0x080076c4   0x0000001c   Code   RO          562    i.MQTT_PingREQ      mqtt.o
    0x080076e0   0x000000ec   Code   RO          563    i.MQTT_PublishQs0   mqtt.o
    0x080077cc   0x00000002   Code   RO            4    i.MemManage_Handler  stm32f10x_it.o
    0x080077ce   0x00000002   PAD
    0x080077d0   0x0000003c   Code   RO          732    i.Multiple_Read_BH1750  bh1750.o
    0x0800780c   0x00000002   Code   RO            5    i.NMI_Handler       stm32f10x_it.o
    0x0800780e   0x00000002   PAD
    0x08007810   0x00000070   Code   RO         1336    i.NVIC_Init         misc.o
    0x08007880   0x00000014   Code   RO         1337    i.NVIC_PriorityGroupConfig  misc.o
    0x08007894   0x00000018   Code   RO         1372    i.RCC_ADCCLKConfig  stm32f10x_rcc.o
    0x080078ac   0x00000020   Code   RO         1374    i.RCC_APB1PeriphClockCmd  stm32f10x_rcc.o
    0x080078cc   0x00000020   Code   RO         1375    i.RCC_APB1PeriphResetCmd  stm32f10x_rcc.o
    0x080078ec   0x00000020   Code   RO         1376    i.RCC_APB2PeriphClockCmd  stm32f10x_rcc.o
    0x0800790c   0x00000020   Code   RO         1377    i.RCC_APB2PeriphResetCmd  stm32f10x_rcc.o
    0x0800792c   0x000000d4   Code   RO         1384    i.RCC_GetClocksFreq  stm32f10x_rcc.o
    0x08007a00   0x00000008   Code   RO         1295    i.SetSysClock       system_stm32f10x.o
    0x08007a08   0x000000e0   Code   RO         1296    i.SetSysClockTo72   system_stm32f10x.o
    0x08007ae8   0x00000022   Code   RO          733    i.Single_Write_BH1750  bh1750.o
    0x08007b0a   0x00000028   Code   RO         1340    i.SysTick_CLKSourceConfig  misc.o
    0x08007b32   0x00000010   Code   RO            6    i.SysTick_Handler   stm32f10x_it.o
    0x08007b42   0x00000002   PAD
    0x08007b44   0x00000060   Code   RO         1298    i.SystemInit        system_stm32f10x.o
    0x08007ba4   0x00000070   Code   RO          466    i.TIM3_ENABLE_2S    timer3.o
    0x08007c14   0x00000070   Code   RO          467    i.TIM3_ENABLE_30S   timer3.o
    0x08007c84   0x00000080   Code   RO            7    i.TIM3_IRQHandler   stm32f10x_it.o
    0x08007d04   0x00000098   Code   RO            8    i.TIM4_IRQHandler   stm32f10x_it.o
    0x08007d9c   0x00000006   Code   RO         1583    i.TIM_ClearITPendingBit  stm32f10x_tim.o
    0x08007da2   0x00000018   Code   RO         1588    i.TIM_Cmd           stm32f10x_tim.o
    0x08007dba   0x00000002   PAD
    0x08007dbc   0x000001e8   Code   RO         1593    i.TIM_DeInit        stm32f10x_tim.o
    0x08007fa4   0x00000022   Code   RO         1609    i.TIM_GetITStatus   stm32f10x_tim.o
    0x08007fc6   0x00000012   Code   RO         1613    i.TIM_ITConfig      stm32f10x_tim.o
    0x08007fd8   0x00000004   Code   RO         1653    i.TIM_SetCounter    stm32f10x_tim.o
    0x08007fdc   0x000000a4   Code   RO         1659    i.TIM_TimeBaseInit  stm32f10x_tim.o
    0x08008080   0x00000064   Code   RO          565    i.TxDataBuf_Deal    mqtt.o
    0x080080e4   0x00000084   Code   RO            9    i.USART2_IRQHandler  stm32f10x_it.o
    0x08008168   0x00000012   Code   RO         2120    i.USART_ClearFlag   stm32f10x_usart.o
    0x0800817a   0x00000018   Code   RO         2124    i.USART_Cmd         stm32f10x_usart.o
    0x08008192   0x00000002   PAD
    0x08008194   0x0000009c   Code   RO         2126    i.USART_DeInit      stm32f10x_usart.o
    0x08008230   0x00000054   Code   RO         2128    i.USART_GetITStatus  stm32f10x_usart.o
    0x08008284   0x0000004a   Code   RO         2130    i.USART_ITConfig    stm32f10x_usart.o
    0x080082ce   0x00000002   PAD
    0x080082d0   0x000000d8   Code   RO         2131    i.USART_Init        stm32f10x_usart.o
    0x080083a8   0x00000002   Code   RO           10    i.UsageFault_Handler  stm32f10x_it.o
    0x080083aa   0x00000002   PAD
    0x080083ac   0x000002e4   Code   RO          499    i.WiFi_Connect_IoTServer  wifi.o
    0x08008690   0x00000154   Code   RO          500    i.WiFi_Connect_Server  wifi.o
    0x080087e4   0x0000009c   Code   RO          501    i.WiFi_JoinAP       wifi.o
    0x08008880   0x00000070   Code   RO          502    i.WiFi_Reset        wifi.o
    0x080088f0   0x00000074   Code   RO          503    i.WiFi_SendCmd      wifi.o
    0x08008964   0x00000028   Code   RO         3686    i.__ARM_fpclassify  m_ws.l(fpclassify.o)
    0x0800898c   0x0000000e   Code   RO         3489    i._is_digit         c_w.l(__printf_wp.o)
    0x0800899a   0x00000004   Code   RO          397    i._sys_exit         usart1.o
    0x0800899e   0x00000002   PAD
    0x080089a0   0x00000014   Code   RO         1261    i.beep_off          beep.o
    0x080089b4   0x000000e0   Code   RO          225    i.data_tx_to_buffer_task  main.o
    0x08008a94   0x00000058   Code   RO          365    i.delay_init        delay.o
    0x08008aec   0x00000040   Code   RO          366    i.delay_ms          delay.o
    0x08008b2c   0x00000048   Code   RO          367    i.delay_us          delay.o
    0x08008b74   0x00000034   Code   RO          640    i.dht11_init        dht11.o
    0x08008ba8   0x0000005c   Code   RO          641    i.dht11_read_data   dht11.o
    0x08008c04   0x0000001c   Code   RO          398    i.fputc             usart1.o
    0x08008c20   0x00000048   Code   RO          734    i.get_sunlight_value  bh1750.o
    0x08008c68   0x00000040   Code   RO          735    i.iic_by30_init     bh1750.o
    0x08008ca8   0x00000010   Code   RO          690    i.led1_off          led.o
    0x08008cb8   0x00000010   Code   RO          691    i.led1_on           led.o
    0x08008cc8   0x00000014   Code   RO          692    i.led2_off          led.o
    0x08008cdc   0x00000014   Code   RO          693    i.led2_on           led.o
    0x08008cf0   0x0000005c   Code   RO          694    i.led_init          led.o
    0x08008d4c   0x00000080   Code   RO          226    i.main              main.o
    0x08008dcc   0x00000364   Code   RO          227    i.mqtt_buffer_rx_tx_task  main.o
    0x08009130   0x00000064   Code   RO          228    i.my_beep_task      main.o
    0x08009194   0x00000080   Code   RO          229    i.my_dht11_task     main.o
    0x08009214   0x00000114   Code   RO          230    i.my_lcd_task       main.o
    0x08009328   0x00000038   Code   RO          231    i.my_led2_task      main.o
    0x08009360   0x000000d4   Code   RO          232    i.my_mq2_task       main.o
    0x08009434   0x0000019c   Code   RO          233    i.my_mqtt_buffer_cmd_task  main.o
    0x080095d0   0x0000020c   Code   RO          234    i.my_start_task     main.o
    0x080097dc   0x00000068   Code   RO          235    i.my_sun_task       main.o
    0x08009844   0x00000098   Code   RO         2822    i.prvAddCurrentTaskToDelayedList  tasks.o
    0x080098dc   0x000000b8   Code   RO         2823    i.prvAddNewTaskToReadyList  tasks.o
    0x08009994   0x00000064   Code   RO         3182    i.prvCheckForValidListAndQueue  timers.o
    0x080099f8   0x00000064   Code   RO         2824    i.prvCheckTasksWaitingTermination  tasks.o
    0x08009a5c   0x0000002a   Code   RO         2592    i.prvCopyDataFromQueue  queue.o
    0x08009a86   0x0000007c   Code   RO         2593    i.prvCopyDataToQueue  queue.o
    0x08009b02   0x00000012   Code   RO         2825    i.prvDeleteTCB      tasks.o
    0x08009b14   0x00000028   Code   RO         3183    i.prvGetNextExpireTime  timers.o
    0x08009b3c   0x0000007c   Code   RO         3312    i.prvHeapInit       heap_4.o
    0x08009bb8   0x00000028   Code   RO         2826    i.prvIdleTask       tasks.o
    0x08009be0   0x0000002e   Code   RO         2595    i.prvInitialiseNewQueue  queue.o
    0x08009c0e   0x00000002   PAD
    0x08009c10   0x000000d0   Code   RO         2827    i.prvInitialiseNewTask  tasks.o
    0x08009ce0   0x00000068   Code   RO         2828    i.prvInitialiseTaskLists  tasks.o
    0x08009d48   0x00000068   Code   RO         3313    i.prvInsertBlockIntoFreeList  heap_4.o
    0x08009db0   0x00000058   Code   RO         3185    i.prvInsertTimerInActiveList  timers.o
    0x08009e08   0x0000001a   Code   RO         2596    i.prvIsQueueEmpty   queue.o
    0x08009e22   0x0000001e   Code   RO         2597    i.prvIsQueueFull    queue.o
    0x08009e40   0x000000a0   Code   RO         2598    i.prvNotifyQueueSetContainer  queue.o
    0x08009ee0   0x00000080   Code   RO         3186    i.prvProcessExpiredTimer  timers.o
    0x08009f60   0x0000012c   Code   RO         3187    i.prvProcessReceivedCommands  timers.o
    0x0800a08c   0x00000074   Code   RO         3188    i.prvProcessTimerOrBlockTask  timers.o
    0x0800a100   0x00000034   Code   RO         2830    i.prvResetNextTaskUnblockTime  tasks.o
    0x0800a134   0x0000002c   Code   RO         3189    i.prvSampleTimeNow  timers.o
    0x0800a160   0x000000bc   Code   RO         3190    i.prvSwitchTimerLists  timers.o
    0x0800a21c   0x00000070   Code   RO         3362    i.prvTaskExitError  port.o
    0x0800a28c   0x00000074   Code   RO         2832    i.prvTaskIsTaskSuspended  tasks.o
    0x0800a300   0x0000001e   Code   RO         2451    i.prvTestWaitCondition  event_groups.o
    0x0800a31e   0x0000001a   Code   RO         3191    i.prvTimerTask      timers.o
    0x0800a338   0x00000092   Code   RO         2599    i.prvUnlockQueue    queue.o
    0x0800a3ca   0x00000002   PAD
    0x0800a3cc   0x00000154   Code   RO         3314    i.pvPortMalloc      heap_4.o
    0x0800a520   0x00000020   Code   RO         2834    i.pvTaskIncrementMutexHeldCount  tasks.o
    0x0800a540   0x00000024   Code   RO         3363    i.pxPortInitialiseStack  port.o
    0x0800a564   0x0000007c   Code   RO          678    i.send_data         control.o
    0x0800a5e0   0x00000068   Code   RO          484    i.tim4_init         timer4.o
    0x0800a648   0x00000040   Code   RO          428    i.u2_TxData         usart2.o
    0x0800a688   0x0000005c   Code   RO          429    i.u2_printf         usart2.o
    0x0800a6e4   0x00000080   Code   RO          399    i.usart1_init       usart1.o
    0x0800a764   0x000000b4   Code   RO          430    i.usart2_init       usart2.o
    0x0800a818   0x00000028   Code   RO         2555    i.uxListRemove      list.o
    0x0800a840   0x0000001c   Code   RO         2841    i.uxTaskResetEventItemValue  tasks.o
    0x0800a85c   0x00000010   Code   RO         2453    i.vEventGroupClearBitsCallback  event_groups.o
    0x0800a86c   0x0000001a   Code   RO         2556    i.vListInitialise   list.o
    0x0800a886   0x00000006   Code   RO         2557    i.vListInitialiseItem  list.o
    0x0800a88c   0x00000034   Code   RO         2558    i.vListInsert       list.o
    0x0800a8c0   0x00000018   Code   RO         2559    i.vListInsertEnd    list.o
    0x0800a8d8   0x00000088   Code   RO         3365    i.vPortEnterCritical  port.o
    0x0800a960   0x00000070   Code   RO         3366    i.vPortExitCritical  port.o
    0x0800a9d0   0x000000b8   Code   RO         3315    i.vPortFree         heap_4.o
    0x0800aa88   0x00000020   Code   RO         3367    i.vPortSetupTimerInterrupt  port.o
    0x0800aaa8   0x000000a0   Code   RO         3368    i.vPortValidateInterruptPriority  port.o
    0x0800ab48   0x0000002c   Code   RO         2605    i.vQueueAddToRegistry  queue.o
    0x0800ab74   0x0000004a   Code   RO         2609    i.vQueueWaitForMessageRestricted  queue.o
    0x0800abbe   0x00000002   PAD
    0x0800abc0   0x00000074   Code   RO         2842    i.vTaskDelay        tasks.o
    0x0800ac34   0x0000010c   Code   RO         2844    i.vTaskDelete       tasks.o
    0x0800ad40   0x0000000c   Code   RO         2848    i.vTaskMissedYield  tasks.o
    0x0800ad4c   0x00000054   Code   RO         2850    i.vTaskPlaceOnEventList  tasks.o
    0x0800ada0   0x0000005c   Code   RO         2851    i.vTaskPlaceOnEventListRestricted  tasks.o
    0x0800adfc   0x0000007c   Code   RO         2852    i.vTaskPlaceOnUnorderedEventList  tasks.o
    0x0800ae78   0x000000b0   Code   RO         2853    i.vTaskPriorityInherit  tasks.o
    0x0800af28   0x000000ac   Code   RO         2855    i.vTaskResume       tasks.o
    0x0800afd4   0x0000004c   Code   RO         2857    i.vTaskSetTimeOutState  tasks.o
    0x0800b020   0x000000ac   Code   RO         2858    i.vTaskStartScheduler  tasks.o
    0x0800b0cc   0x00000100   Code   RO         2859    i.vTaskSuspend      tasks.o
    0x0800b1cc   0x00000010   Code   RO         2860    i.vTaskSuspendAll   tasks.o
    0x0800b1dc   0x000000a8   Code   RO         2861    i.vTaskSwitchContext  tasks.o
    0x0800b284   0x00000034   Code   RO          506    i.wifi_reset_io_init  wifi.o
    0x0800b2b8   0x000000bc   Code   RO          236    i.wifi_task         main.o
    0x0800b374   0x00000074   Code   RO         2456    i.xEventGroupClearBits  event_groups.o
    0x0800b3e8   0x0000001c   Code   RO         2457    i.xEventGroupClearBitsFromISR  event_groups.o
    0x0800b404   0x0000001a   Code   RO         2458    i.xEventGroupCreate  event_groups.o
    0x0800b41e   0x0000002c   Code   RO         2459    i.xEventGroupGetBitsFromISR  event_groups.o
    0x0800b44a   0x00000002   PAD
    0x0800b44c   0x000000e8   Code   RO         2460    i.xEventGroupSetBits  event_groups.o
    0x0800b534   0x00000158   Code   RO         2463    i.xEventGroupWaitBits  event_groups.o
    0x0800b68c   0x000000a0   Code   RO         3369    i.xPortStartScheduler  port.o
    0x0800b72c   0x00000034   Code   RO         3370    i.xPortSysTickHandler  port.o
    0x0800b760   0x00000074   Code   RO         2614    i.xQueueGenericCreate  queue.o
    0x0800b7d4   0x000001c8   Code   RO         2615    i.xQueueGenericReceive  queue.o
    0x0800b99c   0x000000b0   Code   RO         2616    i.xQueueGenericReset  queue.o
    0x0800ba4c   0x000001c4   Code   RO         2617    i.xQueueGenericSend  queue.o
    0x0800bc10   0x00000110   Code   RO         2618    i.xQueueGenericSendFromISR  queue.o
    0x0800bd20   0x000000a0   Code   RO         2862    i.xTaskCheckForTimeOut  tasks.o
    0x0800bdc0   0x00000060   Code   RO         2863    i.xTaskCreate       tasks.o
    0x0800be20   0x00000020   Code   RO         2867    i.xTaskGetSchedulerState  tasks.o
    0x0800be40   0x0000000c   Code   RO         2868    i.xTaskGetTickCount  tasks.o
    0x0800be4c   0x00000160   Code   RO         2870    i.xTaskIncrementTick  tasks.o
    0x0800bfac   0x000000d8   Code   RO         2873    i.xTaskPriorityDisinherit  tasks.o
    0x0800c084   0x000000b4   Code   RO         2874    i.xTaskRemoveFromEventList  tasks.o
    0x0800c138   0x000000c0   Code   RO         2875    i.xTaskRemoveFromUnorderedEventList  tasks.o
    0x0800c1f8   0x00000120   Code   RO         2876    i.xTaskResumeAll    tasks.o
    0x0800c318   0x000000cc   Code   RO         2877    i.xTaskResumeFromISR  tasks.o
    0x0800c3e4   0x00000074   Code   RO         3195    i.xTimerCreateTimerTask  timers.o
    0x0800c458   0x000000a4   Code   RO         3196    i.xTimerGenericCommand  timers.o
    0x0800c4fc   0x00000034   Code   RO         3202    i.xTimerPendFunctionCallFromISR  timers.o
    0x0800c530   0x0000002c   Code   RO         3682    locale$$code        c_w.l(lc_numeric_c.o)
    0x0800c55c   0x0000002c   Code   RO         3753    locale$$code        c_w.l(lc_ctype_c.o)
    0x0800c588   0x00000062   Code   RO         3526    x$fpl$d2f           fz_ws.l(d2f.o)
    0x0800c5ea   0x00000002   PAD
    0x0800c5ec   0x0000005a   Code   RO         3528    x$fpl$dfixu         fz_ws.l(dfixu.o)
    0x0800c646   0x00000026   Code   RO         3532    x$fpl$dfltu         fz_ws.l(dflt_clz.o)
    0x0800c66c   0x00000154   Code   RO         3538    x$fpl$dmul          fz_ws.l(dmul.o)
    0x0800c7c0   0x0000009c   Code   RO         3613    x$fpl$dnaninf       fz_ws.l(dnaninf.o)
    0x0800c85c   0x0000000c   Code   RO         3615    x$fpl$dretinf       fz_ws.l(dretinf.o)
    0x0800c868   0x00000056   Code   RO         3540    x$fpl$f2d           fz_ws.l(f2d.o)
    0x0800c8be   0x00000002   PAD
    0x0800c8c0   0x000000c4   Code   RO         3542    x$fpl$fadd          fz_ws.l(faddsub_clz.o)
    0x0800c984   0x0000003e   Code   RO         3548    x$fpl$ffixu         fz_ws.l(ffixu.o)
    0x0800c9c2   0x00000002   PAD
    0x0800c9c4   0x00000026   Code   RO         3552    x$fpl$ffltu         fz_ws.l(fflt_clz.o)
    0x0800c9ea   0x00000002   PAD
    0x0800c9ec   0x00000102   Code   RO         3558    x$fpl$fmul          fz_ws.l(fmul.o)
    0x0800caee   0x0000008c   Code   RO         3617    x$fpl$fnaninf       fz_ws.l(fnaninf.o)
    0x0800cb7a   0x0000000a   Code   RO         3619    x$fpl$fretinf       fz_ws.l(fretinf.o)
    0x0800cb84   0x00000014   Code   RO         3543    x$fpl$frsb          fz_ws.l(faddsub_clz.o)
    0x0800cb98   0x000000ea   Code   RO         3544    x$fpl$fsub          fz_ws.l(faddsub_clz.o)
    0x0800cc82   0x00000004   Code   RO         3560    x$fpl$printf1       fz_ws.l(printf1.o)
    0x0800cc86   0x00000000   Code   RO         3621    x$fpl$usenofp       fz_ws.l(usenofp.o)
    0x0800cc86   0x00000002   PAD
    0x0800cc88   0x00000050   Data   RO          237    .constdata          main.o
    0x0800ccd8   0x000017c0   Data   RO          857    .constdata          lcd.o
    0x0800e498   0x00000028   Data   RO         3477    .constdata          c_w.l(_printf_hex_int_ll_ptr.o)
    0x0800e4c0   0x00000011   Data   RO         3497    .constdata          c_w.l(__printf_flags_ss_wp.o)
    0x0800e4d1   0x00000003   PAD
    0x0800e4d4   0x00000008   Data   RO         3584    .constdata          c_w.l(_printf_wctomb.o)
    0x0800e4dc   0x00000094   Data   RO         3651    .constdata          c_w.l(bigflt0.o)
    0x0800e570   0x00000036   Data   RO          238    .conststring        main.o
    0x0800e5a6   0x00000002   PAD
    0x0800e5a8   0x00000020   Data   RO         3827    Region$$Table       anon$$obj.o
    0x0800e5c8   0x0000001c   Data   RO         3681    locale$$data        c_w.l(lc_numeric_c.o)
    0x0800e5e4   0x00000110   Data   RO         3752    locale$$data        c_w.l(lc_ctype_c.o)


    Execution Region ER_RW (Base: 0x20000000, Size: 0x00000148, Max: 0xffffffff, ABSOLUTE, COMPRESSED[0x00000034])

    Base Addr    Size         Type   Attr      Idx    E Section Name        Object

    0x20000000   0x00000058   Data   RW          239    .data               main.o
    0x20000058   0x00000004   Data   RW          369    .data               delay.o
    0x2000005c   0x00000004   Data   RW          400    .data               usart1.o
    0x20000060   0x00000004   Data   RW          432    .data               usart2.o
    0x20000064   0x00000041   Data   RW          567    .data               mqtt.o
    0x200000a5   0x00000003   Data   RW          736    .data               bh1750.o
    0x200000a8   0x00000004   Data   RW          858    .data               lcd.o
    0x200000ac   0x00000014   Data   RW         1299    .data               system_stm32f10x.o
    0x200000c0   0x00000014   Data   RW         1404    .data               stm32f10x_rcc.o
    0x200000d4   0x0000003c   Data   RW         2879    .data               tasks.o
    0x20000110   0x00000014   Data   RW         3204    .data               timers.o
    0x20000124   0x00000018   Data   RW         3320    .data               heap_4.o
    0x2000013c   0x0000000c   Data   RW         3371    .data               port.o


    Execution Region ER_ZI (Base: 0x20000148, Size: 0x00007680, Max: 0xffffffff, ABSOLUTE)

    Base Addr    Size         Type   Attr      Idx    E Section Name        Object

    0x20000148   0x00000800   Zero   RW          431    .bss                usart2.o
    0x20000948   0x000014c0   Zero   RW          566    .bss                mqtt.o
    0x20001e08   0x0000000e   Zero   RW          856    .bss                lcd.o
    0x20001e16   0x00000002   PAD
    0x20001e18   0x00000040   Zero   RW         2629    .bss                queue.o
    0x20001e58   0x000002e4   Zero   RW         2878    .bss                tasks.o
    0x2000213c   0x00000028   Zero   RW         3203    .bss                timers.o
    0x20002164   0x00005000   Zero   RW         3319    .bss                heap_4.o
    0x20007164   0x00000060   Zero   RW         3689    .bss                c_w.l(libspace.o)
    0x200071c4   0x00000004   PAD
    0x200071c8   0x00000200   Zero   RW         1330    HEAP                startup_stm32f10x_hd.o
    0x200073c8   0x00000400   Zero   RW         1329    STACK               startup_stm32f10x_hd.o


==============================================================================

Image component sizes


      Code (inc. data)   RO Data    RW Data    ZI Data      Debug   Object Name

       238         14          0          0          0       2071   adc.o
        76         12          0          0          0       1163   beep.o
       802         98          0          3          0       7275   bh1750.o
       124         26          0          0          0        808   control.o
         0          0          0          0          0         32   core_cm3.o
       224         26          0          4          0       2279   delay.o
       434         22          0          0          0       4128   dht11.o
       836        144          0          0          0      16743   event_groups.o
       752        176          0         24      20480       4479   heap_4.o
     19898        240       6080          4         14      27485   lcd.o
       164         28          0          0          0       2821   led.o
       148          0          0          0          0       3678   list.o
      3220       1150        134         88          0      15664   main.o
       172         22          0          0          0       2413   misc.o
      1688        310          0         65       5312       7966   mqtt.o
       950        320          0         12          0      11473   port.o
      2164        238          0          0         64      14305   queue.o
        64         26        304          0       1536        900   startup_stm32f10x_hd.o
       486         24          0          0          0       9662   stm32f10x_adc.o
       458          6          0          0          0       5662   stm32f10x_gpio.o
       440         76          0          0          0     282459   stm32f10x_it.o
       364         50          0         20          0       6859   stm32f10x_rcc.o
       738        106          0          0          0       5572   stm32f10x_tim.o
       572         28          0          0          0       6191   stm32f10x_usart.o
       328         28          0         20          0       2717   system_stm32f10x.o
      4498       1208          0         60        740      37178   tasks.o
       224          8          0          0          0       1371   timer3.o
       104          6          0          0          0        764   timer4.o
      1362        316          0         20         40      10599   timers.o
       160         14          0          4          0       3976   usart1.o
       336         24          0          4       2048       3733   usart2.o
      1516        792          0          0          0       4426   wifi.o

    ----------------------------------------------------------------------
     43576       5538       6552        328      30236     506852   Object Totals
         0          0         32          0          0          0   (incl. Generated)
        36          0          2          0          2          0   (incl. Padding)

    ----------------------------------------------------------------------

      Code (inc. data)   RO Data    RW Data    ZI Data      Debug   Library Member Name

        24          4          0          0          0         84   __2printf.o
        44          6          0          0          0         84   __2sprintf.o
        90          0          0          0          0          0   __dczerorl2.o
         8          0          0          0          0         68   __main.o
       392          4         17          0          0         92   __printf_flags_ss_wp.o
        14          0          0          0          0         68   __printf_wp.o
         0          0          0          0          0          0   __rtentry.o
        12          0          0          0          0          0   __rtentry2.o
         6          0          0          0          0          0   __rtentry4.o
        52          8          0          0          0          0   __scatter.o
        28          0          0          0          0          0   __scatter_zi.o
         6          0          0          0          0          0   _printf_a.o
         6          0          0          0          0          0   _printf_c.o
        44          0          0          0          0        108   _printf_char.o
        48          6          0          0          0         96   _printf_char_common.o
        36          4          0          0          0         80   _printf_char_file.o
        40          0          0          0          0         68   _printf_charcount.o
         6          0          0          0          0          0   _printf_d.o
       120         16          0          0          0         92   _printf_dec.o
         6          0          0          0          0          0   _printf_e.o
         6          0          0          0          0          0   _printf_f.o
      1050          0          0          0          0        216   _printf_fp_dec.o
       128         16          0          0          0         84   _printf_fp_infnan.o
         6          0          0          0          0          0   _printf_g.o
       148          4         40          0          0        160   _printf_hex_int_ll_ptr.o
         6          0          0          0          0          0   _printf_i.o
       178          0          0          0          0         88   _printf_intcommon.o
        10          0          0          0          0          0   _printf_l.o
         6          0          0          0          0          0   _printf_lc.o
        10          0          0          0          0          0   _printf_ll.o
         6          0          0          0          0          0   _printf_lld.o
         6          0          0          0          0          0   _printf_lli.o
         6          0          0          0          0          0   _printf_llo.o
         6          0          0          0          0          0   _printf_llu.o
         6          0          0          0          0          0   _printf_llx.o
       124         16          0          0          0         92   _printf_longlong_dec.o
         6          0          0          0          0          0   _printf_ls.o
         6          0          0          0          0          0   _printf_n.o
         6          0          0          0          0          0   _printf_o.o
       112          8          0          0          0        124   _printf_oct_int_ll.o
         6          0          0          0          0          0   _printf_p.o
        78          0          0          0          0        108   _printf_pad.o
         0          0          0          0          0          0   _printf_percent.o
         4          0          0          0          0          0   _printf_percent_end.o
         6          0          0          0          0          0   _printf_s.o
        82          0          0          0          0         80   _printf_str.o
        36          0          0          0          0         84   _printf_truncate.o
         6          0          0          0          0          0   _printf_u.o
        44          0          0          0          0        108   _printf_wchar.o
       188          6          8          0          0         92   _printf_wctomb.o
         6          0          0          0          0          0   _printf_x.o
        10          0          0          0          0         68   _sputc.o
        64          0          0          0          0         92   _wcrtomb.o
        16          0          0          0          0         68   aeabi_memset.o
       220          4        148          0          0         96   bigflt0.o
      1910        128          0          0          0        672   btod.o
        36          4          0          0          0         76   c89vsprintf.o
        12          0          0          0          0         72   exit.o
         8          0          0          0          0         68   ferror.o
         6          0          0          0          0        152   heapauxi.o
        44         10        272          0          0         76   lc_ctype_c.o
        44         10         28          0          0         76   lc_numeric_c.o
         2          0          0          0          0          0   libinit.o
        30          0          0          0          0          0   libinit2.o
         2          0          0          0          0          0   libshutdown.o
         2          0          0          0          0          0   libshutdown2.o
         8          4          0          0         96         68   libspace.o
       138          0          0          0          0         80   lludiv10.o
        88          0          0          0          0         76   memcmp.o
        16          4          0          0          0         76   rt_ctype_table.o
         8          4          0          0          0         68   rt_locale_intlibspace.o
        68          0          0          0          0         68   rt_memclr.o
        78          0          0          0          0         80   rt_memclr_w.o
       138          0          0          0          0         68   rt_memcpy_v6.o
       100          0          0          0          0         80   rt_memcpy_w.o
         2          0          0          0          0          0   rtexit.o
        10          0          0          0          0          0   rtexit2.o
       128          0          0          0          0         68   strcmpv7m.o
        62          0          0          0          0         76   strlen.o
        36          0          0          0          0         80   strstr.o
        74          0          0          0          0         80   sys_stackheap_outer.o
         2          0          0          0          0         68   use_no_semi.o
         2          0          0          0          0         68   use_no_semi_2.o
        98          4          0          0          0         92   d2f.o
        90          4          0          0          0         92   dfixu.o
        38          0          0          0          0         68   dflt_clz.o
       340         12          0          0          0        104   dmul.o
       156          4          0          0          0         92   dnaninf.o
        12          0          0          0          0         68   dretinf.o
        86          4          0          0          0         84   f2d.o
       450          8          0          0          0        236   faddsub_clz.o
        62          4          0          0          0         84   ffixu.o
        38          0          0          0          0         68   fflt_clz.o
       258          4          0          0          0         84   fmul.o
       140          4          0          0          0         84   fnaninf.o
        10          0          0          0          0         68   fretinf.o
         4          0          0          0          0         68   printf1.o
         0          0          0          0          0          0   usenofp.o
        40          0          0          0          0         68   fpclassify.o

    ----------------------------------------------------------------------
      8480        314        516          0        100       6056   Library Totals
        24          0          3          0          4          0   (incl. Padding)

    ----------------------------------------------------------------------

      Code (inc. data)   RO Data    RW Data    ZI Data      Debug   Library Name

      6634        266        513          0         96       4696   c_w.l
      1782         48          0          0          0       1292   fz_ws.l
        40          0          0          0          0         68   m_ws.l

    ----------------------------------------------------------------------
      8480        314        516          0        100       6056   Library Totals

    ----------------------------------------------------------------------

==============================================================================


      Code (inc. data)   RO Data    RW Data    ZI Data      Debug   

     52056       5852       7068        328      30336     498188   Grand Totals
     52056       5852       7068         52      30336     498188   ELF Image Totals (compressed)
     52056       5852       7068         52          0          0   ROM Totals

==============================================================================

    Total RO  Size (Code + RO Data)                59124 (  57.74kB)
    Total RW  Size (RW Data + ZI Data)             30664 (  29.95kB)
    Total ROM Size (Code + RO Data + RW Data)      59176 (  57.79kB)

==============================================================================

